Archive member included to satisfy reference by file (symbol)

/opt/st/stm32cubeide_1.10.1/plugins/com.st.stm32cube.ide.mcu.externaltools.gnu-tools-for-stm32.10.3-2021.10.linux64_1.0.0.202111181127/tools/bin/../lib/gcc/arm-none-eabi/10.3.1/../../../../arm-none-eabi/lib/thumb/v7e-m+dp/hard/libm.a(lib_a-s_cos.o)
                              ./Core/Src/main.o (cos)
/opt/st/stm32cubeide_1.10.1/plugins/com.st.stm32cube.ide.mcu.externaltools.gnu-tools-for-stm32.10.3-2021.10.linux64_1.0.0.202111181127/tools/bin/../lib/gcc/arm-none-eabi/10.3.1/../../../../arm-none-eabi/lib/thumb/v7e-m+dp/hard/libm.a(lib_a-s_sin.o)
                              ./Core/Src/main.o (sin)
/opt/st/stm32cubeide_1.10.1/plugins/com.st.stm32cube.ide.mcu.externaltools.gnu-tools-for-stm32.10.3-2021.10.linux64_1.0.0.202111181127/tools/bin/../lib/gcc/arm-none-eabi/10.3.1/../../../../arm-none-eabi/lib/thumb/v7e-m+dp/hard/libm.a(lib_a-e_rem_pio2.o)
                              /opt/st/stm32cubeide_1.10.1/plugins/com.st.stm32cube.ide.mcu.externaltools.gnu-tools-for-stm32.10.3-2021.10.linux64_1.0.0.202111181127/tools/bin/../lib/gcc/arm-none-eabi/10.3.1/../../../../arm-none-eabi/lib/thumb/v7e-m+dp/hard/libm.a(lib_a-s_cos.o) (__ieee754_rem_pio2)
/opt/st/stm32cubeide_1.10.1/plugins/com.st.stm32cube.ide.mcu.externaltools.gnu-tools-for-stm32.10.3-2021.10.linux64_1.0.0.202111181127/tools/bin/../lib/gcc/arm-none-eabi/10.3.1/../../../../arm-none-eabi/lib/thumb/v7e-m+dp/hard/libm.a(lib_a-k_cos.o)
                              /opt/st/stm32cubeide_1.10.1/plugins/com.st.stm32cube.ide.mcu.externaltools.gnu-tools-for-stm32.10.3-2021.10.linux64_1.0.0.202111181127/tools/bin/../lib/gcc/arm-none-eabi/10.3.1/../../../../arm-none-eabi/lib/thumb/v7e-m+dp/hard/libm.a(lib_a-s_cos.o) (__kernel_cos)
/opt/st/stm32cubeide_1.10.1/plugins/com.st.stm32cube.ide.mcu.externaltools.gnu-tools-for-stm32.10.3-2021.10.linux64_1.0.0.202111181127/tools/bin/../lib/gcc/arm-none-eabi/10.3.1/../../../../arm-none-eabi/lib/thumb/v7e-m+dp/hard/libm.a(lib_a-k_rem_pio2.o)
                              /opt/st/stm32cubeide_1.10.1/plugins/com.st.stm32cube.ide.mcu.externaltools.gnu-tools-for-stm32.10.3-2021.10.linux64_1.0.0.202111181127/tools/bin/../lib/gcc/arm-none-eabi/10.3.1/../../../../arm-none-eabi/lib/thumb/v7e-m+dp/hard/libm.a(lib_a-e_rem_pio2.o) (__kernel_rem_pio2)
/opt/st/stm32cubeide_1.10.1/plugins/com.st.stm32cube.ide.mcu.externaltools.gnu-tools-for-stm32.10.3-2021.10.linux64_1.0.0.202111181127/tools/bin/../lib/gcc/arm-none-eabi/10.3.1/../../../../arm-none-eabi/lib/thumb/v7e-m+dp/hard/libm.a(lib_a-k_sin.o)
                              /opt/st/stm32cubeide_1.10.1/plugins/com.st.stm32cube.ide.mcu.externaltools.gnu-tools-for-stm32.10.3-2021.10.linux64_1.0.0.202111181127/tools/bin/../lib/gcc/arm-none-eabi/10.3.1/../../../../arm-none-eabi/lib/thumb/v7e-m+dp/hard/libm.a(lib_a-s_cos.o) (__kernel_sin)
/opt/st/stm32cubeide_1.10.1/plugins/com.st.stm32cube.ide.mcu.externaltools.gnu-tools-for-stm32.10.3-2021.10.linux64_1.0.0.202111181127/tools/bin/../lib/gcc/arm-none-eabi/10.3.1/../../../../arm-none-eabi/lib/thumb/v7e-m+dp/hard/libm.a(lib_a-s_fabs.o)
                              /opt/st/stm32cubeide_1.10.1/plugins/com.st.stm32cube.ide.mcu.externaltools.gnu-tools-for-stm32.10.3-2021.10.linux64_1.0.0.202111181127/tools/bin/../lib/gcc/arm-none-eabi/10.3.1/../../../../arm-none-eabi/lib/thumb/v7e-m+dp/hard/libm.a(lib_a-e_rem_pio2.o) (fabs)
/opt/st/stm32cubeide_1.10.1/plugins/com.st.stm32cube.ide.mcu.externaltools.gnu-tools-for-stm32.10.3-2021.10.linux64_1.0.0.202111181127/tools/bin/../lib/gcc/arm-none-eabi/10.3.1/../../../../arm-none-eabi/lib/thumb/v7e-m+dp/hard/libm.a(lib_a-s_floor.o)
                              /opt/st/stm32cubeide_1.10.1/plugins/com.st.stm32cube.ide.mcu.externaltools.gnu-tools-for-stm32.10.3-2021.10.linux64_1.0.0.202111181127/tools/bin/../lib/gcc/arm-none-eabi/10.3.1/../../../../arm-none-eabi/lib/thumb/v7e-m+dp/hard/libm.a(lib_a-k_rem_pio2.o) (floor)
/opt/st/stm32cubeide_1.10.1/plugins/com.st.stm32cube.ide.mcu.externaltools.gnu-tools-for-stm32.10.3-2021.10.linux64_1.0.0.202111181127/tools/bin/../lib/gcc/arm-none-eabi/10.3.1/../../../../arm-none-eabi/lib/thumb/v7e-m+dp/hard/libm.a(lib_a-s_scalbn.o)
                              /opt/st/stm32cubeide_1.10.1/plugins/com.st.stm32cube.ide.mcu.externaltools.gnu-tools-for-stm32.10.3-2021.10.linux64_1.0.0.202111181127/tools/bin/../lib/gcc/arm-none-eabi/10.3.1/../../../../arm-none-eabi/lib/thumb/v7e-m+dp/hard/libm.a(lib_a-k_rem_pio2.o) (scalbn)
/opt/st/stm32cubeide_1.10.1/plugins/com.st.stm32cube.ide.mcu.externaltools.gnu-tools-for-stm32.10.3-2021.10.linux64_1.0.0.202111181127/tools/bin/../lib/gcc/arm-none-eabi/10.3.1/../../../../arm-none-eabi/lib/thumb/v7e-m+dp/hard/libc_nano.a(lib_a-assert.o)
                              ./Core/Src/UserCode.o (__assert_func)
[...]
Memory Configuration

Name             Origin             Length             Attributes
RAM_D1           0x0000000024000000 0x0000000000080000 xrw
FLASH            0x0000000008000000 0x0000000000100000 xr
DTCMRAM          0x0000000020000000 0x0000000000020000 xrw
RAM_D2           0x0000000030000000 0x0000000000048000 xrw
RAM_D3           0x0000000038000000 0x0000000000010000 xrw
ITCMRAM          0x0000000000000000 0x0000000000010000 xrw
*default*        0x0000000000000000 0xffffffffffffffff

Linker script and memory map

LOAD /opt/st/stm32cubeide_1.10.1/plugins/com.st.stm32cube.ide.mcu.externaltools.gnu-tools-for-stm32.10.3-2021.10.linux64_1.0.0.202111181127/tools/bin/../lib/gcc/arm-none-eabi/10.3.1/thumb/v7e-m+dp/hard/crti.o
LOAD /opt/st/stm32cubeide_1.10.1/plugins/com.st.stm32cube.ide.mcu.externaltools.gnu-tools-for-stm32.10.3-2021.10.linux64_1.0.0.202111181127/tools/bin/../lib/gcc/arm-none-eabi/10.3.1/thumb/v7e-m+dp/hard/crtbegin.o
LOAD /opt/st/stm32cubeide_1.10.1/plugins/com.st.stm32cube.ide.mcu.externaltools.gnu-tools-for-stm32.10.3-2021.10.linux64_1.0.0.202111181127/tools/bin/../lib/gcc/arm-none-eabi/10.3.1/../../../../arm-none-eabi/lib/thumb/v7e-m+dp/hard/crt0.o
LOAD ./Common/Src/system_stm32h7xx_dualcore_boot_cm4_cm7.o
LOAD ./Core/Src/UserCode.o
LOAD ./Core/Src/bno055.o
LOAD ./Core/Src/c2cpp.o
LOAD ./Core/Src/main.o
LOAD ./Core/Src/stm32h7xx_hal_msp.o
LOAD ./Core/Src/stm32h7xx_it.o
LOAD ./Core/Src/syscalls.o
LOAD ./Core/Src/sysmem.o
LOAD ./Core/Startup/startup_stm32h745zitx.o
LOAD ./Drivers/STM32H7xx_HAL_Driver/stm32h7xx_hal.o
LOAD ./Drivers/STM32H7xx_HAL_Driver/stm32h7xx_hal_cortex.o
LOAD ./Drivers/STM32H7xx_HAL_Driver/stm32h7xx_hal_dma.o
LOAD ./Drivers/STM32H7xx_HAL_Driver/stm32h7xx_hal_dma_ex.o
LOAD ./Drivers/STM32H7xx_HAL_Driver/stm32h7xx_hal_eth.o
LOAD ./Drivers/STM32H7xx_HAL_Driver/stm32h7xx_hal_eth_ex.o
LOAD ./Drivers/STM32H7xx_HAL_Driver/stm32h7xx_hal_exti.o
LOAD ./Drivers/STM32H7xx_HAL_Driver/stm32h7xx_hal_fdcan.o
LOAD ./Drivers/STM32H7xx_HAL_Driver/stm32h7xx_hal_flash.o
LOAD ./Drivers/STM32H7xx_HAL_Driver/stm32h7xx_hal_flash_ex.o
LOAD ./Drivers/STM32H7xx_HAL_Driver/stm32h7xx_hal_gpio.o
LOAD ./Drivers/STM32H7xx_HAL_Driver/stm32h7xx_hal_hsem.o
LOAD ./Drivers/STM32H7xx_HAL_Driver/stm32h7xx_hal_i2c.o
LOAD ./Drivers/STM32H7xx_HAL_Driver/stm32h7xx_hal_i2c_ex.o
LOAD ./Drivers/STM32H7xx_HAL_Driver/stm32h7xx_hal_mdma.o
LOAD ./Drivers/STM32H7xx_HAL_Driver/stm32h7xx_hal_pcd.o
LOAD ./Drivers/STM32H7xx_HAL_Driver/stm32h7xx_hal_pcd_ex.o
LOAD ./Drivers/STM32H7xx_HAL_Driver/stm32h7xx_hal_pwr.o
LOAD ./Drivers/STM32H7xx_HAL_Driver/stm32h7xx_hal_pwr_ex.o
LOAD ./Drivers/STM32H7xx_HAL_Driver/stm32h7xx_hal_rcc.o
LOAD ./Drivers/STM32H7xx_HAL_Driver/stm32h7xx_hal_rcc_ex.o
LOAD ./Drivers/STM32H7xx_HAL_Driver/stm32h7xx_hal_tim.o
LOAD ./Drivers/STM32H7xx_HAL_Driver/stm32h7xx_hal_tim_ex.o
LOAD ./Drivers/STM32H7xx_HAL_Driver/stm32h7xx_hal_uart.o
LOAD ./Drivers/STM32H7xx_HAL_Driver/stm32h7xx_hal_uart_ex.o
LOAD ./Drivers/STM32H7xx_HAL_Driver/stm32h7xx_ll_usb.o
START GROUP
LOAD /opt/st/stm32cubeide_1.10.1/plugins/com.st.stm32cube.ide.mcu.externaltools.gnu-tools-for-stm32.10.3-2021.10.linux64_1.0.0.202111181127/tools/bin/../lib/gcc/arm-none-eabi/10.3.1/../../../../arm-none-eabi/lib/thumb/v7e-m+dp/hard/libstdc++_nano.a
LOAD /opt/st/stm32cubeide_1.10.1/plugins/com.st.stm32cube.ide.mcu.externaltools.gnu-tools-for-stm32.10.3-2021.10.linux64_1.0.0.202111181127/tools/bin/../lib/gcc/arm-none-eabi/10.3.1/../../../../arm-none-eabi/lib/thumb/v7e-m+dp/hard/libsupc++_nano.a
END GROUP
LOAD /opt/st/stm32cubeide_1.10.1/plugins/com.st.stm32cube.ide.mcu.externaltools.gnu-tools-for-stm32.10.3-2021.10.linux64_1.0.0.202111181127/tools/bin/../lib/gcc/arm-none-eabi/10.3.1/../../../../arm-none-eabi/lib/thumb/v7e-m+dp/hard/libstdc++_nano.a
LOAD /opt/st/stm32cubeide_1.10.1/plugins/com.st.stm32cube.ide.mcu.externaltools.gnu-tools-for-stm32.10.3-2021.10.linux64_1.0.0.202111181127/tools/bin/../lib/gcc/arm-none-eabi/10.3.1/../../../../arm-none-eabi/lib/thumb/v7e-m+dp/hard/libm.a
LOAD /opt/st/stm32cubeide_1.10.1/plugins/com.st.stm32cube.ide.mcu.externaltools.gnu-tools-for-stm32.10.3-2021.10.linux64_1.0.0.202111181127/tools/bin/../lib/gcc/arm-none-eabi/10.3.1/../../../../arm-none-eabi/lib/thumb/v7e-m+dp/hard/libc_nano.a
START GROUP
LOAD /opt/st/stm32cubeide_1.10.1/plugins/com.st.stm32cube.ide.mcu.externaltools.gnu-tools-for-stm32.10.3-2021.10.linux64_1.0.0.202111181127/tools/bin/../lib/gcc/arm-none-eabi/10.3.1/thumb/v7e-m+dp/hard/libgcc.a
LOAD /opt/st/stm32cubeide_1.10.1/plugins/com.st.stm32cube.ide.mcu.externaltools.gnu-tools-for-stm32.10.3-2021.10.linux64_1.0.0.202111181127/tools/bin/../lib/gcc/arm-none-eabi/10.3.1/../../../../arm-none-eabi/lib/thumb/v7e-m+dp/hard/libc_nano.a
END GROUP
START GROUP
LOAD /opt/st/stm32cubeide_1.10.1/plugins/com.st.stm32cube.ide.mcu.externaltools.gnu-tools-for-stm32.10.3-2021.10.linux64_1.0.0.202111181127/tools/bin/../lib/gcc/arm-none-eabi/10.3.1/thumb/v7e-m+dp/hard/libgcc.a
LOAD /opt/st/stm32cubeide_1.10.1/plugins/com.st.stm32cube.ide.mcu.externaltools.gnu-tools-for-stm32.10.3-2021.10.linux64_1.0.0.202111181127/tools/bin/../lib/gcc/arm-none-eabi/10.3.1/../../../../arm-none-eabi/lib/thumb/v7e-m+dp/hard/libc_nano.a
LOAD /opt/st/stm32cubeide_1.10.1/plugins/com.st.stm32cube.ide.mcu.externaltools.gnu-tools-for-stm32.10.3-2021.10.linux64_1.0.0.202111181127/tools/bin/../lib/gcc/arm-none-eabi/10.3.1/../../../../arm-none-eabi/lib/thumb/v7e-m+dp/hard/libnosys.a
END GROUP
START GROUP
LOAD /opt/st/stm32cubeide_1.10.1/plugins/com.st.stm32cube.ide.mcu.externaltools.gnu-tools-for-stm32.10.3-2021.10.linux64_1.0.0.202111181127/tools/bin/../lib/gcc/arm-none-eabi/10.3.1/thumb/v7e-m+dp/hard/libgcc.a
LOAD /opt/st/stm32cubeide_1.10.1/plugins/com.st.stm32cube.ide.mcu.externaltools.gnu-tools-for-stm32.10.3-2021.10.linux64_1.0.0.202111181127/tools/bin/../lib/gcc/arm-none-eabi/10.3.1/../../../../arm-none-eabi/lib/thumb/v7e-m+dp/hard/libc_nano.a
LOAD /opt/st/stm32cubeide_1.10.1/plugins/com.st.stm32cube.ide.mcu.externaltools.gnu-tools-for-stm32.10.3-2021.10.linux64_1.0.0.202111181127/tools/bin/../lib/gcc/arm-none-eabi/10.3.1/../../../../arm-none-eabi/lib/thumb/v7e-m+dp/hard/libnosys.a
END GROUP
LOAD /opt/st/stm32cubeide_1.10.1/plugins/com.st.stm32cube.ide.mcu.externaltools.gnu-tools-for-stm32.10.3-2021.10.linux64_1.0.0.202111181127/tools/bin/../lib/gcc/arm-none-eabi/10.3.1/thumb/v7e-m+dp/hard/crtend.o
LOAD /opt/st/stm32cubeide_1.10.1/plugins/com.st.stm32cube.ide.mcu.externaltools.gnu-tools-for-stm32.10.3-2021.10.linux64_1.0.0.202111181127/tools/bin/../lib/gcc/arm-none-eabi/10.3.1/thumb/v7e-m+dp/hard/crtn.o
                0x0000000024080000                _estack = (ORIGIN (RAM_D1) + LENGTH (RAM_D1))
                0x0000000000000200                _Min_Heap_Size = 0x200
                0x0000000000000400                _Min_Stack_Size = 0x400

.isr_vector     0x0000000008000000      0x298
                0x0000000008000000                . = ALIGN (0x4)
 *(.isr_vector)
 .isr_vector    0x0000000008000000      0x298 ./Core/Startup/startup_stm32h745zitx.o
                0x0000000008000000                g_pfnVectors
                0x0000000008000298                . = ALIGN (0x4)

.text           0x00000000080002a0     0xc144
                0x00000000080002a0                . = ALIGN (0x4)
 *(.text)
 .text          0x00000000080002a0       0x40 /opt/st/stm32cubeide_1.10.1/plugins/com.st.stm32cube.ide.mcu.externaltools.gnu-tools-for-stm32.10.3-2021.10.linux64_1.0.0.202111181127/tools/bin/../lib/gcc/arm-none-eabi/10.3.1/thumb/v7e-m+dp/hard/crtbegin.o
 .text          0x00000000080002e0       0xa0 /opt/st/stm32cubeide_1.10.1/plugins/com.st.stm32cube.ide.mcu.externaltools.gnu-tools-for-stm32.10.3-2021.10.linux64_1.0.0.202111181127/tools/bin/../lib/gcc/arm-none-eabi/10.3.1/../../../../arm-none-eabi/lib/thumb/v7e-m+dp/hard/libc_nano.a(lib_a-memchr.o)
                0x00000000080002e0                memchr
 .text          0x0000000008000380      0x378 /opt/st/stm32cubeide_1.10.1/plugins/com.st.stm32cube.ide.mcu.externaltools.gnu-tools-for-stm32.10.3-2021.10.linux64_1.0.0.202111181127/tools/bin/../lib/gcc/arm-none-eabi/10.3.1/thumb/v7e-m+dp/hard/libgcc.a(_arm_addsubdf3.o)
                0x0000000008000380                __aeabi_drsub
                0x0000000008000388                __aeabi_dsub
                0x0000000008000388                __subdf3
                0x000000000800038c                __adddf3
                0x000000000800038c                __aeabi_dadd
                0x0000000008000604                __aeabi_ui2d
                0x0000000008000604                __floatunsidf
                0x0000000008000624                __floatsidf
                0x0000000008000624                __aeabi_i2d
                0x0000000008000648                __extendsfdf2
                0x0000000008000648                __aeabi_f2d
                0x000000000800068c                __aeabi_ul2d
                0x000000000800068c                __floatundidf
                0x000000000800069c                __floatdidf
                0x000000000800069c                __aeabi_l2d
 *(.text*)
 .text.SystemInit
                0x00000000080006f8      0x12c ./Common/Src/system_stm32h7xx_dualcore_boot_cm4_cm7.o
                0x00000000080006f8                SystemInit
 .text.UserCodeSetup
                0x0000000008000824      0x164 ./Core/Src/UserCode.o
                0x0000000008000824                UserCodeSetup
 .text._ZN5Eigen8internal15call_assignmentINS_6MatrixIfLi3ELi3ELi0ELi3ELi3EEENS_13CwiseBinaryOpINS0_13scalar_sum_opIffEEKNS_7ProductINS7_IS3_S3_Li0EEENS_9TransposeIS3_EELi0EEEKNS7_INS7_INS2_IfLi3ELi1ELi0ELi3ELi1EEENS2_IfLi1ELi1ELi0ELi1ELi1EEELi0EEENS9_ISD_EELi0EEEEEEEvRT_RKT0_
                0x0000000008000988      0x1dc ./Core/Src/UserCode.o
                0x0000000008000988                void Eigen::internal::call_assignment<Eigen::Matrix<float, 3, 3, 0, 3, 3>, Eigen::CwiseBinaryOp<Eigen::internal::scalar_sum_op<float, float>, Eigen::Product<Eigen::Product<Eigen::Matrix<float, 3, 3, 0, 3, 3>, Eigen::Matrix<float, 3, 3, 0, 3, 3>, 0>, Eigen::Transpose<Eigen::Matrix<float, 3, 3, 0, 3, 3> >, 0> const, Eigen::Product<Eigen::Product<Eigen::Matrix<float, 3, 1, 0, 3, 1>, Eigen::Matrix<float, 1, 1, 0, 1, 1>, 0>, Eigen::Transpose<Eigen::Matrix<float, 3, 1, 0, 3, 1> >, 0> const> >(Eigen::Matrix<float, 3, 3, 0, 3, 3>&, Eigen::CwiseBinaryOp<Eigen::internal::scalar_sum_op<float, float>, Eigen::Product<Eigen::Product<Eigen::Matrix<float, 3, 3, 0, 3, 3>, Eigen::Matrix<float, 3, 3, 0, 3, 3>, 0>, Eigen::Transpose<Eigen::Matrix<float, 3, 3, 0, 3, 3> >, 0> const, Eigen::Product<Eigen::Product<Eigen::Matrix<float, 3, 1, 0, 3, 1>, Eigen::Matrix<float, 1, 1, 0, 1, 1>, 0>, Eigen::Transpose<Eigen::Matrix<float, 3, 1, 0, 3, 1> >, 0> const> const&)
 .text._Z18Predict_RightWheelv
                0x0000000008000b64       0xc0 ./Core/Src/UserCode.o
                0x0000000008000b64                Predict_RightWheel()
 .text._Z17Predict_LeftWheelv
                0x0000000008000c24       0xc0 ./Core/Src/UserCode.o
                0x0000000008000c24                Predict_LeftWheel()
 .text._ZN5Eigen6MatrixIfLi2ELi2ELi1ELi2ELi2EEC2INS_7ProductINS3_INS0_IfLi2ELi2ELi0ELi2ELi2EEES4_Li0EEENS_9TransposeIS4_EELi0EEEEERKT_
                0x0000000008000ce4       0xb8 ./Core/Src/UserCode.o
                0x0000000008000ce4                Eigen::Matrix<float, 2, 2, 1, 2, 2>::Matrix<Eigen::Product<Eigen::Product<Eigen::Matrix<float, 2, 2, 0, 2, 2>, Eigen::Matrix<float, 2, 2, 0, 2, 2>, 0>, Eigen::Transpose<Eigen::Matrix<float, 2, 2, 0, 2, 2> >, 0> >(Eigen::Product<Eigen::Product<Eigen::Matrix<float, 2, 2, 0, 2, 2>, Eigen::Matrix<float, 2, 2, 0, 2, 2>, 0>, Eigen::Transpose<Eigen::Matrix<float, 2, 2, 0, 2, 2> >, 0> const&)
                0x0000000008000ce4                Eigen::Matrix<float, 2, 2, 1, 2, 2>::Matrix<Eigen::Product<Eigen::Product<Eigen::Matrix<float, 2, 2, 0, 2, 2>, Eigen::Matrix<float, 2, 2, 0, 2, 2>, 0>, Eigen::Transpose<Eigen::Matrix<float, 2, 2, 0, 2, 2> >, 0> >(Eigen::Product<Eigen::Product<Eigen::Matrix<float, 2, 2, 0, 2, 2>, Eigen::Matrix<float, 2, 2, 0, 2, 2>, 0>, Eigen::Transpose<Eigen::Matrix<float, 2, 2, 0, 2, 2> >, 0> const&)
 *fill*         0x0000000008000d9c        0x4 
 .text.UserGetLinVelVariance
                0x0000000008000da0       0x84 ./Core/Src/UserCode.o
                0x0000000008000da0                UserGetLinVelVariance
 *fill*         0x0000000008000e24        0x4 
 .text.UserGetAngVelVariance
                0x0000000008000e28       0x84 ./Core/Src/UserCode.o
                0x0000000008000e28                UserGetAngVelVariance
 .text._ZN5Eigen8internal26call_dense_assignment_loopINS_6MatrixIfLin1ELi3ELi0ELin1ELi3EEENS_7ProductINS_13CwiseBinaryOpINS0_20scalar_difference_opIffEEKNS_14CwiseNullaryOpINS0_18scalar_identity_opIfEENS2_IfLin1ELin1ELi0ELin1ELin1EEEEEKNS4_INS2_IfLi3ELi2ELi0ELi3ELi2EEENS2_IfLi2ELi3ELi0ELi2ELi3EEELi0EEEEENS2_IfLi3ELi3ELi0ELi3ELi3EEELi1EEENS0_9assign_opIffEEEEvRT_RKT0_RKT1_
                0x0000000008000eac      0x3c8 ./Core/Src/UserCode.o
                0x0000000008000eac                void Eigen::internal::call_dense_assignment_loop<Eigen::Matrix<float, -1, 3, 0, -1, 3>, Eigen::Product<Eigen::CwiseBinaryOp<Eigen::internal::scalar_difference_op<float, float>, Eigen::CwiseNullaryOp<Eigen::internal::scalar_identity_op<float>, Eigen::Matrix<float, -1, -1, 0, -1, -1> > const, Eigen::Product<Eigen::Matrix<float, 3, 2, 0, 3, 2>, Eigen::Matrix<float, 2, 3, 0, 2, 3>, 0> const>, Eigen::Matrix<float, 3, 3, 0, 3, 3>, 1>, Eigen::internal::assign_op<float, float> >(Eigen::Matrix<float, -1, 3, 0, -1, 3>&, Eigen::Product<Eigen::CwiseBinaryOp<Eigen::internal::scalar_difference_op<float, float>, Eigen::CwiseNullaryOp<Eigen::internal::scalar_identity_op<float>, Eigen::Matrix<float, -1, -1, 0, -1, -1> > const, Eigen::Product<Eigen::Matrix<float, 3, 2, 0, 3, 2>, Eigen::Matrix<float, 2, 3, 0, 2, 3>, 0> const>, Eigen::Matrix<float, 3, 3, 0, 3, 3>, 1> const&, Eigen::internal::assign_op<float, float> const&)
 .text.UserCodeUpdateLeftWheel
                0x0000000008001274      0x2b4 ./Core/Src/UserCode.o
                0x0000000008001274                UserCodeUpdateLeftWheel
 .text.UserCodeUpdateRightWheel
                0x0000000008001528      0x2b4 ./Core/Src/UserCode.o
                0x0000000008001528                UserCodeUpdateRightWheel
 .text.bno055_setPage
                0x00000000080017dc       0x1c ./Core/Src/bno055.o
                0x00000000080017dc                bno055_setPage
 .text.bno055_setOperationMode
                0x00000000080017f8       0x30 ./Core/Src/bno055.o
                0x00000000080017f8                bno055_setOperationMode
 .text.bno055_setOperationModeConfig
                0x0000000008001828        0xe ./Core/Src/bno055.o
                0x0000000008001828                bno055_setOperationModeConfig
 .text.bno055_setOperationModeNDOF
                0x0000000008001836        0xe ./Core/Src/bno055.o
                0x0000000008001836                bno055_setOperationModeNDOF
 .text.bno055_reset
                0x0000000008001844       0x18 ./Core/Src/bno055.o
                0x0000000008001844                bno055_reset
 .text.bno055_setup
                0x000000000800185c       0x50 ./Core/Src/bno055.o
                0x000000000800185c                bno055_setup
 .text.bno055_getVector
                0x00000000080018ac      0x260 ./Core/Src/bno055.o
                0x00000000080018ac                bno055_getVector
 .text.bno055_getVectorGyroscope
                0x0000000008001b0c       0x66 ./Core/Src/bno055.o
                0x0000000008001b0c                bno055_getVectorGyroscope
 .text.bno055_getVectorLinearAccel
                0x0000000008001b72       0x66 ./Core/Src/bno055.o
                0x0000000008001b72                bno055_getVectorLinearAccel
 .text.bno055_getVectorQuaternion
                0x0000000008001bd8       0x66 ./Core/Src/bno055.o
                0x0000000008001bd8                bno055_getVectorQuaternion
 .text.setup    0x0000000008001c3e        0xc ./Core/Src/c2cpp.o
                0x0000000008001c3e                setup
 .text.update_rightwheel
                0x0000000008001c4a       0x28 ./Core/Src/c2cpp.o
                0x0000000008001c4a                update_rightwheel
 .text.update_leftwheel
                0x0000000008001c72       0x28 ./Core/Src/c2cpp.o
                0x0000000008001c72                update_leftwheel
 .text.get_lin_vel_variance
                0x0000000008001c9a       0x12 ./Core/Src/c2cpp.o
                0x0000000008001c9a                get_lin_vel_variance
 .text.get_ang_vel_variance
                0x0000000008001cac       0x12 ./Core/Src/c2cpp.o
                0x0000000008001cac                get_ang_vel_variance
 *fill*         0x0000000008001cbe        0x2 
 .text.bno055_assignI2C
                0x0000000008001cc0       0x20 ./Core/Src/main.o
                0x0000000008001cc0                bno055_assignI2C
 .text.bno055_delay
                0x0000000008001ce0       0x18 ./Core/Src/main.o
                0x0000000008001ce0                bno055_delay
 .text.bno055_writeData
                0x0000000008001cf8      0x1d8 ./Core/Src/main.o
                0x0000000008001cf8                bno055_writeData
 .text.bno055_readData
                0x0000000008001ed0       0x44 ./Core/Src/main.o
                0x0000000008001ed0                bno055_readData
 *fill*         0x0000000008001f14        0x4 
 .text.main     0x0000000008001f18      0x6d8 ./Core/Src/main.o
                0x0000000008001f18                main
 .text.SystemClock_Config
                0x00000000080025f0      0x10c ./Core/Src/main.o
                0x00000000080025f0                SystemClock_Config
 .text.MX_ETH_Init
                0x00000000080026fc       0x98 ./Core/Src/main.o
 .text.MX_FDCAN1_Init
                0x0000000008002794      0x10c ./Core/Src/main.o
 .text.MX_FDCAN2_Init
                0x00000000080028a0      0x10c ./Core/Src/main.o
 .text.MX_I2C1_Init
                0x00000000080029ac       0x80 ./Core/Src/main.o
 .text.MX_TIM2_Init
                0x0000000008002a2c       0x9c ./Core/Src/main.o
 .text.MX_USB_OTG_FS_PCD_Init
                0x0000000008002ac8       0x64 ./Core/Src/main.o
 .text.MX_DMA_Init
                0x0000000008002b2c       0x34 ./Core/Src/main.o
 .text.MX_GPIO_Init
                0x0000000008002b60      0x104 ./Core/Src/main.o
 *fill*         0x0000000008002c64        0x4 
 .text.Pulse2Position
                0x0000000008002c68       0x98 ./Core/Src/main.o
                0x0000000008002c68                Pulse2Position
 .text.ForwardKinematic
                0x0000000008002d00       0x5c ./Core/Src/main.o
                0x0000000008002d00                ForwardKinematic
 *fill*         0x0000000008002d5c        0x4 
 .text.InverseKinematic
                0x0000000008002d60      0x1cc ./Core/Src/main.o
                0x0000000008002d60                InverseKinematic
 .text.WheelOdometry
                0x0000000008002f2c      0x100 ./Core/Src/main.o
                0x0000000008002f2c                WheelOdometry
 .text.RPY2Quaternion
                0x000000000800302c      0x1cc ./Core/Src/main.o
                0x000000000800302c                RPY2Quaternion
 .text.HAL_FDCAN_RxFifo0Callback
                0x00000000080031f8      0x168 ./Core/Src/main.o
                0x00000000080031f8                HAL_FDCAN_RxFifo0Callback
 .text.HAL_FDCAN_RxFifo1Callback
                0x0000000008003360      0x168 ./Core/Src/main.o
                0x0000000008003360                HAL_FDCAN_RxFifo1Callback
 .text.BothMotor_Set_SpeedMode
                0x00000000080034c8       0xe4 ./Core/Src/main.o
                0x00000000080034c8                BothMotor_Set_SpeedMode
 *fill*         0x00000000080035ac        0x4 
 .text.Motor_Set_TargetSpeed
                0x00000000080035b0      0x154 ./Core/Src/main.o
                0x00000000080035b0                Motor_Set_TargetSpeed
 .text.BothMotor_Enable
                0x0000000008003704       0x6c ./Core/Src/main.o
                0x0000000008003704                BothMotor_Enable
 .text.BothMotor_EmergencyBrake
                0x0000000008003770       0x6c ./Core/Src/main.o
                0x0000000008003770                BothMotor_EmergencyBrake
 .text.BothMotor_Get_Speed
                0x00000000080037dc       0xc0 ./Core/Src/main.o
                0x00000000080037dc                BothMotor_Get_Speed
 .text.BothMotor_Get_Position
                0x000000000800389c       0xc0 ./Core/Src/main.o
                0x000000000800389c                BothMotor_Get_Position
 .text.TxData_Clear
                0x000000000800395c       0x44 ./Core/Src/main.o
                0x000000000800395c                TxData_Clear
 .text.compareTxRxMessage
                0x00000000080039a0       0x48 ./Core/Src/main.o
                0x00000000080039a0                compareTxRxMessage
 .text.micros   0x00000000080039e8       0x34 ./Core/Src/main.o
                0x00000000080039e8                micros
 .text.HAL_TIM_PeriodElapsedCallback
                0x0000000008003a1c       0x34 ./Core/Src/main.o
                0x0000000008003a1c                HAL_TIM_PeriodElapsedCallback
 .text.Error_Handler
                0x0000000008003a50        0xa ./Core/Src/main.o
                0x0000000008003a50                Error_Handler
 *fill*         0x0000000008003a5a        0x2 
 .text.HAL_MspInit
                0x0000000008003a5c       0x34 ./Core/Src/stm32h7xx_hal_msp.o
                0x0000000008003a5c                HAL_MspInit
 .text.HAL_ETH_MspInit
                0x0000000008003a90      0x19c ./Core/Src/stm32h7xx_hal_msp.o
                0x0000000008003a90                HAL_ETH_MspInit
 .text.HAL_FDCAN_MspInit
                0x0000000008003c2c      0x1ac ./Core/Src/stm32h7xx_hal_msp.o
                0x0000000008003c2c                HAL_FDCAN_MspInit
 .text.HAL_I2C_MspInit
                0x0000000008003dd8       0xcc ./Core/Src/stm32h7xx_hal_msp.o
                0x0000000008003dd8                HAL_I2C_MspInit
 .text.HAL_TIM_Base_MspInit
                0x0000000008003ea4       0x4c ./Core/Src/stm32h7xx_hal_msp.o
                0x0000000008003ea4                HAL_TIM_Base_MspInit
 .text.HAL_PCD_MspInit
                0x0000000008003ef0      0x114 ./Core/Src/stm32h7xx_hal_msp.o
                0x0000000008003ef0                HAL_PCD_MspInit
 .text.NMI_Handler
                0x0000000008004004        0x6 ./Core/Src/stm32h7xx_it.o
                0x0000000008004004                NMI_Handler
 .text.HardFault_Handler
                0x000000000800400a        0x6 ./Core/Src/stm32h7xx_it.o
                0x000000000800400a                HardFault_Handler
 .text.MemManage_Handler
                0x0000000008004010        0x6 ./Core/Src/stm32h7xx_it.o
                0x0000000008004010                MemManage_Handler
 .text.BusFault_Handler
                0x0000000008004016        0x6 ./Core/Src/stm32h7xx_it.o
                0x0000000008004016                BusFault_Handler
 .text.UsageFault_Handler
                0x000000000800401c        0x6 ./Core/Src/stm32h7xx_it.o
                0x000000000800401c                UsageFault_Handler
 .text.SVC_Handler
                0x0000000008004022        0xe ./Core/Src/stm32h7xx_it.o
                0x0000000008004022                SVC_Handler
 .text.DebugMon_Handler
                0x0000000008004030        0xe ./Core/Src/stm32h7xx_it.o
                0x0000000008004030                DebugMon_Handler
 .text.PendSV_Handler
                0x000000000800403e        0xe ./Core/Src/stm32h7xx_it.o
                0x000000000800403e                PendSV_Handler
 .text.SysTick_Handler
                0x000000000800404c        0xc ./Core/Src/stm32h7xx_it.o
                0x000000000800404c                SysTick_Handler
 .text.FDCAN1_IT0_IRQHandler
                0x0000000008004058       0x14 ./Core/Src/stm32h7xx_it.o
                0x0000000008004058                FDCAN1_IT0_IRQHandler
 .text.FDCAN2_IT0_IRQHandler
                0x000000000800406c       0x14 ./Core/Src/stm32h7xx_it.o
                0x000000000800406c                FDCAN2_IT0_IRQHandler
 .text.TIM2_IRQHandler
                0x0000000008004080       0x14 ./Core/Src/stm32h7xx_it.o
                0x0000000008004080                TIM2_IRQHandler
 .text._getpid  0x0000000008004094       0x10 ./Core/Src/syscalls.o
                0x0000000008004094                _getpid
 .text._kill    0x00000000080040a4       0x20 ./Core/Src/syscalls.o
                0x00000000080040a4                _kill
 .text._exit    0x00000000080040c4       0x14 ./Core/Src/syscalls.o
                0x00000000080040c4                _exit
 .text._read    0x00000000080040d8       0x3a ./Core/Src/syscalls.o
                0x00000000080040d8                _read
 .text._write   0x0000000008004112       0x38 ./Core/Src/syscalls.o
                0x0000000008004112                _write
 .text._close   0x000000000800414a       0x18 ./Core/Src/syscalls.o
                0x000000000800414a                _close
 .text._fstat   0x0000000008004162       0x20 ./Core/Src/syscalls.o
                0x0000000008004162                _fstat
 .text._isatty  0x0000000008004182       0x16 ./Core/Src/syscalls.o
                0x0000000008004182                _isatty
 .text._lseek   0x0000000008004198       0x1a ./Core/Src/syscalls.o
                0x0000000008004198                _lseek
 *fill*         0x00000000080041b2        0x2 
 .text._sbrk    0x00000000080041b4       0x6c ./Core/Src/sysmem.o
                0x00000000080041b4                _sbrk
 .text.Reset_Handler
                0x0000000008004220       0x50 ./Core/Startup/startup_stm32h745zitx.o
                0x0000000008004220                Reset_Handler
 .text.Default_Handler
                0x0000000008004270        0x2 ./Core/Startup/startup_stm32h745zitx.o
                0x0000000008004270                RTC_Alarm_IRQHandler
                0x0000000008004270                EXTI2_IRQHandler
                0x0000000008004270                TIM8_CC_IRQHandler
                0x0000000008004270                HRTIM1_Master_IRQHandler
                0x0000000008004270                UART8_IRQHandler
                0x0000000008004270                SPI4_IRQHandler
                0x0000000008004270                TIM1_CC_IRQHandler
                0x0000000008004270                BDMA_Channel6_IRQHandler
                0x0000000008004270                DMA2_Stream5_IRQHandler
                0x0000000008004270                HRTIM1_FLT_IRQHandler
                0x0000000008004270                JPEG_IRQHandler
                0x0000000008004270                DMA1_Stream5_IRQHandler
                0x0000000008004270                BDMA_Channel1_IRQHandler
                0x0000000008004270                HRTIM1_TIMD_IRQHandler
                0x0000000008004270                TAMP_STAMP_IRQHandler
                0x0000000008004270                EXTI3_IRQHandler
                0x0000000008004270                LPTIM4_IRQHandler
                0x0000000008004270                TIM8_TRG_COM_TIM14_IRQHandler
                0x0000000008004270                LPTIM2_IRQHandler
                0x0000000008004270                DFSDM1_FLT1_IRQHandler
                0x0000000008004270                DMAMUX2_OVR_IRQHandler
                0x0000000008004270                TIM8_UP_TIM13_IRQHandler
                0x0000000008004270                I2C3_ER_IRQHandler
                0x0000000008004270                DFSDM1_FLT2_IRQHandler
                0x0000000008004270                MDMA_IRQHandler
                0x0000000008004270                LPTIM3_IRQHandler
                0x0000000008004270                HSEM1_IRQHandler
                0x0000000008004270                EXTI0_IRQHandler
                0x0000000008004270                I2C2_EV_IRQHandler
                0x0000000008004270                DMA1_Stream2_IRQHandler
                0x0000000008004270                FPU_IRQHandler
                0x0000000008004270                OTG_HS_WKUP_IRQHandler
                0x0000000008004270                FDCAN1_IT1_IRQHandler
                0x0000000008004270                LTDC_ER_IRQHandler
                0x0000000008004270                DMA2_Stream2_IRQHandler
                0x0000000008004270                HRTIM1_TIME_IRQHandler
                0x0000000008004270                SPI1_IRQHandler
                0x0000000008004270                TIM6_DAC_IRQHandler
                0x0000000008004270                DCMI_IRQHandler
                0x0000000008004270                HRTIM1_TIMC_IRQHandler
                0x0000000008004270                DMA2_Stream3_IRQHandler
                0x0000000008004270                SAI2_IRQHandler
                0x0000000008004270                DFSDM1_FLT3_IRQHandler
                0x0000000008004270                USART6_IRQHandler
                0x0000000008004270                TIM17_IRQHandler
                0x0000000008004270                USART3_IRQHandler
                0x0000000008004270                BDMA_Channel7_IRQHandler
                0x0000000008004270                LPTIM5_IRQHandler
                0x0000000008004270                UART5_IRQHandler
                0x0000000008004270                ADC3_IRQHandler
                0x0000000008004270                DMA2_Stream0_IRQHandler
                0x0000000008004270                TIM4_IRQHandler
                0x0000000008004270                BDMA_Channel2_IRQHandler
                0x0000000008004270                QUADSPI_IRQHandler
                0x0000000008004270                I2C1_EV_IRQHandler
                0x0000000008004270                DMA1_Stream6_IRQHandler
                0x0000000008004270                DMAMUX1_OVR_IRQHandler
                0x0000000008004270                DMA1_Stream1_IRQHandler
                0x0000000008004270                TIM16_IRQHandler
                0x0000000008004270                UART4_IRQHandler
                0x0000000008004270                BDMA_Channel5_IRQHandler
                0x0000000008004270                TIM3_IRQHandler
                0x0000000008004270                RCC_IRQHandler
                0x0000000008004270                TIM8_BRK_TIM12_IRQHandler
                0x0000000008004270                TIM1_TRG_COM_IRQHandler
                0x0000000008004270                Default_Handler
                0x0000000008004270                ECC_IRQHandler
                0x0000000008004270                CEC_IRQHandler
                0x0000000008004270                EXTI15_10_IRQHandler
                0x0000000008004270                BDMA_Channel0_IRQHandler
                0x0000000008004270                ADC_IRQHandler
                0x0000000008004270                DMA1_Stream7_IRQHandler
                0x0000000008004270                HRTIM1_TIMA_IRQHandler
                0x0000000008004270                SPI5_IRQHandler
                0x0000000008004270                TIM7_IRQHandler
                0x0000000008004270                SDMMC1_IRQHandler
                0x0000000008004270                TIM5_IRQHandler
                0x0000000008004270                DMA2_Stream7_IRQHandler
                0x0000000008004270                TIM15_IRQHandler
                0x0000000008004270                PVD_AVD_IRQHandler
                0x0000000008004270                I2C3_EV_IRQHandler
                0x0000000008004270                EXTI9_5_IRQHandler
                0x0000000008004270                RTC_WKUP_IRQHandler
                0x0000000008004270                LTDC_IRQHandler
                0x0000000008004270                SAI3_IRQHandler
                0x0000000008004270                ETH_WKUP_IRQHandler
                0x0000000008004270                SPDIF_RX_IRQHandler
                0x0000000008004270                SPI2_IRQHandler
                0x0000000008004270                OTG_HS_EP1_IN_IRQHandler
                0x0000000008004270                DMA1_Stream0_IRQHandler
                0x0000000008004270                CRS_IRQHandler
                0x0000000008004270                CM7_SEV_IRQHandler
                0x0000000008004270                EXTI4_IRQHandler
                0x0000000008004270                RNG_IRQHandler
                0x0000000008004270                CM4_SEV_IRQHandler
                0x0000000008004270                HRTIM1_TIMB_IRQHandler
                0x0000000008004270                FDCAN2_IT1_IRQHandler
                0x0000000008004270                ETH_IRQHandler
                0x0000000008004270                TIM1_UP_IRQHandler
                0x0000000008004270                WWDG_RST_IRQHandler
                0x0000000008004270                BDMA_Channel4_IRQHandler
                0x0000000008004270                OTG_HS_EP1_OUT_IRQHandler
                0x0000000008004270                WWDG_IRQHandler
                0x0000000008004270                SPI6_IRQHandler
                0x0000000008004270                MDIOS_IRQHandler
                0x0000000008004270                I2C4_EV_IRQHandler
                0x0000000008004270                LPUART1_IRQHandler
                0x0000000008004270                OTG_FS_WKUP_IRQHandler
                0x0000000008004270                OTG_HS_IRQHandler
                0x0000000008004270                HSEM2_IRQHandler
                0x0000000008004270                DMA2D_IRQHandler
                0x0000000008004270                TIM1_BRK_IRQHandler
                0x0000000008004270                EXTI1_IRQHandler
                0x0000000008004270                SDMMC2_IRQHandler
                0x0000000008004270                OTG_FS_EP1_OUT_IRQHandler
                0x0000000008004270                BDMA_Channel3_IRQHandler
                0x0000000008004270                HOLD_CORE_IRQHandler
                0x0000000008004270                UART7_IRQHandler
                0x0000000008004270                MDIOS_WKUP_IRQHandler
                0x0000000008004270                USART2_IRQHandler
                0x0000000008004270                DFSDM1_FLT0_IRQHandler
                0x0000000008004270                SAI4_IRQHandler
                0x0000000008004270                I2C2_ER_IRQHandler
                0x0000000008004270                DMA2_Stream1_IRQHandler
                0x0000000008004270                FLASH_IRQHandler
                0x0000000008004270                DMA2_Stream4_IRQHandler
                0x0000000008004270                USART1_IRQHandler
                0x0000000008004270                OTG_FS_IRQHandler
                0x0000000008004270                SPI3_IRQHandler
                0x0000000008004270                WAKEUP_PIN_IRQHandler
                0x0000000008004270                DMA1_Stream4_IRQHandler
                0x0000000008004270                OTG_FS_EP1_IN_IRQHandler
                0x0000000008004270                I2C1_ER_IRQHandler
                0x0000000008004270                FMC_IRQHandler
                0x0000000008004270                FDCAN_CAL_IRQHandler
                0x0000000008004270                SWPMI1_IRQHandler
                0x0000000008004270                COMP1_IRQHandler
                0x0000000008004270                LPTIM1_IRQHandler
                0x0000000008004270                I2C4_ER_IRQHandler
                0x0000000008004270                DMA2_Stream6_IRQHandler
                0x0000000008004270                SAI1_IRQHandler
                0x0000000008004270                DMA1_Stream3_IRQHandler
 *fill*         0x0000000008004272        0x2 
 .text.HAL_Init
                0x0000000008004274       0x78 ./Drivers/STM32H7xx_HAL_Driver/stm32h7xx_hal.o
                0x0000000008004274                HAL_Init
 .text.HAL_InitTick
                0x00000000080042ec       0x6c ./Drivers/STM32H7xx_HAL_Driver/stm32h7xx_hal.o
                0x00000000080042ec                HAL_InitTick
 .text.HAL_IncTick
                0x0000000008004358       0x28 ./Drivers/STM32H7xx_HAL_Driver/stm32h7xx_hal.o
                0x0000000008004358                HAL_IncTick
 .text.HAL_GetTick
                0x0000000008004380       0x18 ./Drivers/STM32H7xx_HAL_Driver/stm32h7xx_hal.o
                0x0000000008004380                HAL_GetTick
 .text.HAL_Delay
                0x0000000008004398       0x48 ./Drivers/STM32H7xx_HAL_Driver/stm32h7xx_hal.o
                0x0000000008004398                HAL_Delay
 .text.HAL_GetREVID
                0x00000000080043e0       0x18 ./Drivers/STM32H7xx_HAL_Driver/stm32h7xx_hal.o
                0x00000000080043e0                HAL_GetREVID
 .text.HAL_SYSCFG_ETHInterfaceSelect
                0x00000000080043f8       0x28 ./Drivers/STM32H7xx_HAL_Driver/stm32h7xx_hal.o
                0x00000000080043f8                HAL_SYSCFG_ETHInterfaceSelect
 .text.__NVIC_SetPriorityGrouping
                0x0000000008004420       0x48 ./Drivers/STM32H7xx_HAL_Driver/stm32h7xx_hal_cortex.o
 .text.__NVIC_GetPriorityGrouping
                0x0000000008004468       0x1c ./Drivers/STM32H7xx_HAL_Driver/stm32h7xx_hal_cortex.o
 .text.__NVIC_EnableIRQ
                0x0000000008004484       0x3c ./Drivers/STM32H7xx_HAL_Driver/stm32h7xx_hal_cortex.o
 .text.__NVIC_SetPriority
                0x00000000080044c0       0x54 ./Drivers/STM32H7xx_HAL_Driver/stm32h7xx_hal_cortex.o
 .text.NVIC_EncodePriority
                0x0000000008004514       0x66 ./Drivers/STM32H7xx_HAL_Driver/stm32h7xx_hal_cortex.o
 *fill*         0x000000000800457a        0x2 
 .text.SysTick_Config
                0x000000000800457c       0x44 ./Drivers/STM32H7xx_HAL_Driver/stm32h7xx_hal_cortex.o
 .text.HAL_NVIC_SetPriorityGrouping
                0x00000000080045c0       0x16 ./Drivers/STM32H7xx_HAL_Driver/stm32h7xx_hal_cortex.o
                0x00000000080045c0                HAL_NVIC_SetPriorityGrouping
 .text.HAL_NVIC_SetPriority
                0x00000000080045d6       0x34 ./Drivers/STM32H7xx_HAL_Driver/stm32h7xx_hal_cortex.o
                0x00000000080045d6                HAL_NVIC_SetPriority
 .text.HAL_NVIC_EnableIRQ
                0x000000000800460a       0x1c ./Drivers/STM32H7xx_HAL_Driver/stm32h7xx_hal_cortex.o
                0x000000000800460a                HAL_NVIC_EnableIRQ
 .text.HAL_SYSTICK_Config
                0x0000000008004626       0x18 ./Drivers/STM32H7xx_HAL_Driver/stm32h7xx_hal_cortex.o
                0x0000000008004626                HAL_SYSTICK_Config
 *fill*         0x000000000800463e        0x2 
 .text.HAL_ETH_Init
                0x0000000008004640      0x1cc ./Drivers/STM32H7xx_HAL_Driver/stm32h7xx_hal_eth.o
                0x0000000008004640                HAL_ETH_Init
 .text.HAL_ETH_SetMDIOClockRange
                0x000000000800480c       0xb0 ./Drivers/STM32H7xx_HAL_Driver/stm32h7xx_hal_eth.o
                0x000000000800480c                HAL_ETH_SetMDIOClockRange
 .text.ETH_SetMACConfig
                0x00000000080048bc      0x238 ./Drivers/STM32H7xx_HAL_Driver/stm32h7xx_hal_eth.o
 .text.ETH_SetDMAConfig
                0x0000000008004af4      0x10c ./Drivers/STM32H7xx_HAL_Driver/stm32h7xx_hal_eth.o
 .text.ETH_MACDMAConfig
                0x0000000008004c00      0x13a ./Drivers/STM32H7xx_HAL_Driver/stm32h7xx_hal_eth.o
 .text.ETH_DMATxDescListInit
                0x0000000008004d3a       0x92 ./Drivers/STM32H7xx_HAL_Driver/stm32h7xx_hal_eth.o
 .text.ETH_DMARxDescListInit
                0x0000000008004dcc       0xba ./Drivers/STM32H7xx_HAL_Driver/stm32h7xx_hal_eth.o
 *fill*         0x0000000008004e86        0x2 
 .text.HAL_FDCAN_Init
                0x0000000008004e88      0x3bc ./Drivers/STM32H7xx_HAL_Driver/stm32h7xx_hal_fdcan.o
                0x0000000008004e88                HAL_FDCAN_Init
 .text.HAL_FDCAN_ConfigFilter
                0x0000000008005244       0xec ./Drivers/STM32H7xx_HAL_Driver/stm32h7xx_hal_fdcan.o
                0x0000000008005244                HAL_FDCAN_ConfigFilter
 .text.HAL_FDCAN_ConfigGlobalFilter
                0x0000000008005330       0x5a ./Drivers/STM32H7xx_HAL_Driver/stm32h7xx_hal_fdcan.o
                0x0000000008005330                HAL_FDCAN_ConfigGlobalFilter
 .text.HAL_FDCAN_Start
                0x000000000800538a       0x56 ./Drivers/STM32H7xx_HAL_Driver/stm32h7xx_hal_fdcan.o
                0x000000000800538a                HAL_FDCAN_Start
 .text.HAL_FDCAN_AddMessageToTxFifoQ
                0x00000000080053e0       0xb6 ./Drivers/STM32H7xx_HAL_Driver/stm32h7xx_hal_fdcan.o
                0x00000000080053e0                HAL_FDCAN_AddMessageToTxFifoQ
 *fill*         0x0000000008005496        0x2 
 .text.HAL_FDCAN_GetRxMessage
                0x0000000008005498      0x2dc ./Drivers/STM32H7xx_HAL_Driver/stm32h7xx_hal_fdcan.o
                0x0000000008005498                HAL_FDCAN_GetRxMessage
 .text.HAL_FDCAN_ActivateNotification
                0x0000000008005774       0xf4 ./Drivers/STM32H7xx_HAL_Driver/stm32h7xx_hal_fdcan.o
                0x0000000008005774                HAL_FDCAN_ActivateNotification
 .text.HAL_FDCAN_IRQHandler
                0x0000000008005868      0x4bc ./Drivers/STM32H7xx_HAL_Driver/stm32h7xx_hal_fdcan.o
                0x0000000008005868                HAL_FDCAN_IRQHandler
 .text.HAL_FDCAN_ClockCalibrationCallback
                0x0000000008005d24       0x16 ./Drivers/STM32H7xx_HAL_Driver/stm32h7xx_hal_fdcan.o
                0x0000000008005d24                HAL_FDCAN_ClockCalibrationCallback
 .text.HAL_FDCAN_TxEventFifoCallback
                0x0000000008005d3a       0x16 ./Drivers/STM32H7xx_HAL_Driver/stm32h7xx_hal_fdcan.o
                0x0000000008005d3a                HAL_FDCAN_TxEventFifoCallback
 .text.HAL_FDCAN_TxFifoEmptyCallback
                0x0000000008005d50       0x14 ./Drivers/STM32H7xx_HAL_Driver/stm32h7xx_hal_fdcan.o
                0x0000000008005d50                HAL_FDCAN_TxFifoEmptyCallback
 .text.HAL_FDCAN_TxBufferCompleteCallback
                0x0000000008005d64       0x16 ./Drivers/STM32H7xx_HAL_Driver/stm32h7xx_hal_fdcan.o
                0x0000000008005d64                HAL_FDCAN_TxBufferCompleteCallback
 .text.HAL_FDCAN_TxBufferAbortCallback
                0x0000000008005d7a       0x16 ./Drivers/STM32H7xx_HAL_Driver/stm32h7xx_hal_fdcan.o
                0x0000000008005d7a                HAL_FDCAN_TxBufferAbortCallback
 .text.HAL_FDCAN_RxBufferNewMessageCallback
                0x0000000008005d90       0x14 ./Drivers/STM32H7xx_HAL_Driver/stm32h7xx_hal_fdcan.o
                0x0000000008005d90                HAL_FDCAN_RxBufferNewMessageCallback
 .text.HAL_FDCAN_TimestampWraparoundCallback
                0x0000000008005da4       0x14 ./Drivers/STM32H7xx_HAL_Driver/stm32h7xx_hal_fdcan.o
                0x0000000008005da4                HAL_FDCAN_TimestampWraparoundCallback
 .text.HAL_FDCAN_TimeoutOccurredCallback
                0x0000000008005db8       0x14 ./Drivers/STM32H7xx_HAL_Driver/stm32h7xx_hal_fdcan.o
                0x0000000008005db8                HAL_FDCAN_TimeoutOccurredCallback
 .text.HAL_FDCAN_HighPriorityMessageCallback
                0x0000000008005dcc       0x14 ./Drivers/STM32H7xx_HAL_Driver/stm32h7xx_hal_fdcan.o
                0x0000000008005dcc                HAL_FDCAN_HighPriorityMessageCallback
 .text.HAL_FDCAN_ErrorCallback
                0x0000000008005de0       0x14 ./Drivers/STM32H7xx_HAL_Driver/stm32h7xx_hal_fdcan.o
                0x0000000008005de0                HAL_FDCAN_ErrorCallback
 .text.HAL_FDCAN_ErrorStatusCallback
                0x0000000008005df4       0x16 ./Drivers/STM32H7xx_HAL_Driver/stm32h7xx_hal_fdcan.o
                0x0000000008005df4                HAL_FDCAN_ErrorStatusCallback
 .text.HAL_FDCAN_TT_ScheduleSyncCallback
                0x0000000008005e0a       0x16 ./Drivers/STM32H7xx_HAL_Driver/stm32h7xx_hal_fdcan.o
                0x0000000008005e0a                HAL_FDCAN_TT_ScheduleSyncCallback
 .text.HAL_FDCAN_TT_TimeMarkCallback
                0x0000000008005e20       0x16 ./Drivers/STM32H7xx_HAL_Driver/stm32h7xx_hal_fdcan.o
                0x0000000008005e20                HAL_FDCAN_TT_TimeMarkCallback
 .text.HAL_FDCAN_TT_StopWatchCallback
                0x0000000008005e36       0x18 ./Drivers/STM32H7xx_HAL_Driver/stm32h7xx_hal_fdcan.o
                0x0000000008005e36                HAL_FDCAN_TT_StopWatchCallback
 .text.HAL_FDCAN_TT_GlobalTimeCallback
                0x0000000008005e4e       0x16 ./Drivers/STM32H7xx_HAL_Driver/stm32h7xx_hal_fdcan.o
                0x0000000008005e4e                HAL_FDCAN_TT_GlobalTimeCallback
 .text.FDCAN_CalcultateRamBlockAddresses
                0x0000000008005e64      0x30c ./Drivers/STM32H7xx_HAL_Driver/stm32h7xx_hal_fdcan.o
 .text.FDCAN_CopyMessageToRAM
                0x0000000008006170       0xfc ./Drivers/STM32H7xx_HAL_Driver/stm32h7xx_hal_fdcan.o
 .text.HAL_GPIO_Init
                0x000000000800626c      0x360 ./Drivers/STM32H7xx_HAL_Driver/stm32h7xx_hal_gpio.o
                0x000000000800626c                HAL_GPIO_Init
 .text.HAL_GPIO_WritePin
                0x00000000080065cc       0x32 ./Drivers/STM32H7xx_HAL_Driver/stm32h7xx_hal_gpio.o
                0x00000000080065cc                HAL_GPIO_WritePin
 .text.HAL_GPIO_TogglePin
                0x00000000080065fe       0x34 ./Drivers/STM32H7xx_HAL_Driver/stm32h7xx_hal_gpio.o
                0x00000000080065fe                HAL_GPIO_TogglePin
 *fill*         0x0000000008006632        0x2 
 .text.HAL_HSEM_FastTake
                0x0000000008006634       0x34 ./Drivers/STM32H7xx_HAL_Driver/stm32h7xx_hal_hsem.o
                0x0000000008006634                HAL_HSEM_FastTake
 .text.HAL_HSEM_Release
                0x0000000008006668       0x28 ./Drivers/STM32H7xx_HAL_Driver/stm32h7xx_hal_hsem.o
                0x0000000008006668                HAL_HSEM_Release
 .text.HAL_I2C_Init
                0x0000000008006690      0x120 ./Drivers/STM32H7xx_HAL_Driver/stm32h7xx_hal_i2c.o
                0x0000000008006690                HAL_I2C_Init
 .text.HAL_I2C_Master_Transmit
                0x00000000080067b0      0x1e8 ./Drivers/STM32H7xx_HAL_Driver/stm32h7xx_hal_i2c.o
                0x00000000080067b0                HAL_I2C_Master_Transmit
 .text.HAL_I2C_Master_Receive
                0x0000000008006998      0x1ec ./Drivers/STM32H7xx_HAL_Driver/stm32h7xx_hal_i2c.o
                0x0000000008006998                HAL_I2C_Master_Receive
 .text.HAL_I2C_GetState
                0x0000000008006b84       0x1c ./Drivers/STM32H7xx_HAL_Driver/stm32h7xx_hal_i2c.o
                0x0000000008006b84                HAL_I2C_GetState
 .text.HAL_I2C_GetError
                0x0000000008006ba0       0x18 ./Drivers/STM32H7xx_HAL_Driver/stm32h7xx_hal_i2c.o
                0x0000000008006ba0                HAL_I2C_GetError
 .text.I2C_Flush_TXDR
                0x0000000008006bb8       0x48 ./Drivers/STM32H7xx_HAL_Driver/stm32h7xx_hal_i2c.o
 .text.I2C_WaitOnFlagUntilTimeout
                0x0000000008006c00       0x80 ./Drivers/STM32H7xx_HAL_Driver/stm32h7xx_hal_i2c.o
 .text.I2C_WaitOnTXISFlagUntilTimeout
                0x0000000008006c80       0x80 ./Drivers/STM32H7xx_HAL_Driver/stm32h7xx_hal_i2c.o
 .text.I2C_WaitOnSTOPFlagUntilTimeout
                0x0000000008006d00       0x78 ./Drivers/STM32H7xx_HAL_Driver/stm32h7xx_hal_i2c.o
 .text.I2C_WaitOnRXNEFlagUntilTimeout
                0x0000000008006d78       0xf4 ./Drivers/STM32H7xx_HAL_Driver/stm32h7xx_hal_i2c.o
 .text.I2C_IsErrorOccurred
                0x0000000008006e6c      0x1d8 ./Drivers/STM32H7xx_HAL_Driver/stm32h7xx_hal_i2c.o
 .text.I2C_TransferConfig
                0x0000000008007044       0x64 ./Drivers/STM32H7xx_HAL_Driver/stm32h7xx_hal_i2c.o
 .text.HAL_I2CEx_ConfigAnalogFilter
                0x00000000080070a8       0x96 ./Drivers/STM32H7xx_HAL_Driver/stm32h7xx_hal_i2c_ex.o
                0x00000000080070a8                HAL_I2CEx_ConfigAnalogFilter
 .text.HAL_I2CEx_ConfigDigitalFilter
                0x000000000800713e       0x98 ./Drivers/STM32H7xx_HAL_Driver/stm32h7xx_hal_i2c_ex.o
                0x000000000800713e                HAL_I2CEx_ConfigDigitalFilter
 .text.HAL_PCD_Init
                0x00000000080071d6      0x248 ./Drivers/STM32H7xx_HAL_Driver/stm32h7xx_hal_pcd.o
                0x00000000080071d6                HAL_PCD_Init
 *fill*         0x000000000800741e        0x2 
 .text.HAL_PCDEx_ActivateLPM
                0x0000000008007420       0x48 ./Drivers/STM32H7xx_HAL_Driver/stm32h7xx_hal_pcd_ex.o
                0x0000000008007420                HAL_PCDEx_ActivateLPM
 .text.HAL_PWREx_ConfigSupply
                0x0000000008007468       0xb4 ./Drivers/STM32H7xx_HAL_Driver/stm32h7xx_hal_pwr_ex.o
                0x0000000008007468                HAL_PWREx_ConfigSupply
 .text.HAL_PWREx_EnableUSBVoltageDetector
                0x000000000800751c       0x20 ./Drivers/STM32H7xx_HAL_Driver/stm32h7xx_hal_pwr_ex.o
                0x000000000800751c                HAL_PWREx_EnableUSBVoltageDetector
 .text.HAL_RCC_OscConfig
                0x000000000800753c      0x85c ./Drivers/STM32H7xx_HAL_Driver/stm32h7xx_hal_rcc.o
                0x000000000800753c                HAL_RCC_OscConfig
 .text.HAL_RCC_ClockConfig
                0x0000000008007d98      0x36c ./Drivers/STM32H7xx_HAL_Driver/stm32h7xx_hal_rcc.o
                0x0000000008007d98                HAL_RCC_ClockConfig
 .text.HAL_RCC_GetSysClockFreq
                0x0000000008008104      0x2f4 ./Drivers/STM32H7xx_HAL_Driver/stm32h7xx_hal_rcc.o
                0x0000000008008104                HAL_RCC_GetSysClockFreq
 .text.HAL_RCC_GetHCLKFreq
                0x00000000080083f8       0x60 ./Drivers/STM32H7xx_HAL_Driver/stm32h7xx_hal_rcc.o
                0x00000000080083f8                HAL_RCC_GetHCLKFreq
 .text.HAL_RCCEx_PeriphCLKConfig
                0x0000000008008458      0xe8c ./Drivers/STM32H7xx_HAL_Driver/stm32h7xx_hal_rcc_ex.o
                0x0000000008008458                HAL_RCCEx_PeriphCLKConfig
 .text.RCCEx_PLL2_Config
                0x00000000080092e4      0x164 ./Drivers/STM32H7xx_HAL_Driver/stm32h7xx_hal_rcc_ex.o
 .text.RCCEx_PLL3_Config
                0x0000000008009448      0x164 ./Drivers/STM32H7xx_HAL_Driver/stm32h7xx_hal_rcc_ex.o
 .text.HAL_TIM_Base_Init
                0x00000000080095ac       0xae ./Drivers/STM32H7xx_HAL_Driver/stm32h7xx_hal_tim.o
                0x00000000080095ac                HAL_TIM_Base_Init
 *fill*         0x000000000800965a        0x2 
 .text.HAL_TIM_Base_Start_IT
                0x000000000800965c       0xf0 ./Drivers/STM32H7xx_HAL_Driver/stm32h7xx_hal_tim.o
                0x000000000800965c                HAL_TIM_Base_Start_IT
 .text.HAL_TIM_IRQHandler
                0x000000000800974c      0x23e ./Drivers/STM32H7xx_HAL_Driver/stm32h7xx_hal_tim.o
                0x000000000800974c                HAL_TIM_IRQHandler
 *fill*         0x000000000800998a        0x2 
 .text.HAL_TIM_ConfigClockSource
                0x000000000800998c      0x1f0 ./Drivers/STM32H7xx_HAL_Driver/stm32h7xx_hal_tim.o
                0x000000000800998c                HAL_TIM_ConfigClockSource
 .text.HAL_TIM_OC_DelayElapsedCallback
                0x0000000008009b7c       0x14 ./Drivers/STM32H7xx_HAL_Driver/stm32h7xx_hal_tim.o
                0x0000000008009b7c                HAL_TIM_OC_DelayElapsedCallback
 .text.HAL_TIM_IC_CaptureCallback
                0x0000000008009b90       0x14 ./Drivers/STM32H7xx_HAL_Driver/stm32h7xx_hal_tim.o
                0x0000000008009b90                HAL_TIM_IC_CaptureCallback
 .text.HAL_TIM_PWM_PulseFinishedCallback
                0x0000000008009ba4       0x14 ./Drivers/STM32H7xx_HAL_Driver/stm32h7xx_hal_tim.o
                0x0000000008009ba4                HAL_TIM_PWM_PulseFinishedCallback
 .text.HAL_TIM_TriggerCallback
                0x0000000008009bb8       0x14 ./Drivers/STM32H7xx_HAL_Driver/stm32h7xx_hal_tim.o
                0x0000000008009bb8                HAL_TIM_TriggerCallback
 .text.TIM_Base_SetConfig
                0x0000000008009bcc      0x134 ./Drivers/STM32H7xx_HAL_Driver/stm32h7xx_hal_tim.o
                0x0000000008009bcc                TIM_Base_SetConfig
 .text.TIM_TI1_ConfigInputStage
                0x0000000008009d00       0x5e ./Drivers/STM32H7xx_HAL_Driver/stm32h7xx_hal_tim.o
 .text.TIM_TI2_ConfigInputStage
                0x0000000008009d5e       0x60 ./Drivers/STM32H7xx_HAL_Driver/stm32h7xx_hal_tim.o
 *fill*         0x0000000008009dbe        0x2 
 .text.TIM_ITRx_SetConfig
                0x0000000008009dc0       0x3c ./Drivers/STM32H7xx_HAL_Driver/stm32h7xx_hal_tim.o
 .text.TIM_ETR_SetConfig
                0x0000000008009dfc       0x40 ./Drivers/STM32H7xx_HAL_Driver/stm32h7xx_hal_tim.o
                0x0000000008009dfc                TIM_ETR_SetConfig
 .text.HAL_TIMEx_MasterConfigSynchronization
                0x0000000008009e3c      0x11c ./Drivers/STM32H7xx_HAL_Driver/stm32h7xx_hal_tim_ex.o
                0x0000000008009e3c                HAL_TIMEx_MasterConfigSynchronization
 .text.HAL_TIMEx_CommutCallback
                0x0000000008009f58       0x14 ./Drivers/STM32H7xx_HAL_Driver/stm32h7xx_hal_tim_ex.o
                0x0000000008009f58                HAL_TIMEx_CommutCallback
 .text.HAL_TIMEx_BreakCallback
                0x0000000008009f6c       0x14 ./Drivers/STM32H7xx_HAL_Driver/stm32h7xx_hal_tim_ex.o
                0x0000000008009f6c                HAL_TIMEx_BreakCallback
 .text.HAL_TIMEx_Break2Callback
                0x0000000008009f80       0x14 ./Drivers/STM32H7xx_HAL_Driver/stm32h7xx_hal_tim_ex.o
                0x0000000008009f80                HAL_TIMEx_Break2Callback
 .text.USB_CoreInit
                0x0000000008009f94       0xdc ./Drivers/STM32H7xx_HAL_Driver/stm32h7xx_ll_usb.o
                0x0000000008009f94                USB_CoreInit
 .text.USB_DisableGlobalInt
                0x000000000800a070       0x22 ./Drivers/STM32H7xx_HAL_Driver/stm32h7xx_ll_usb.o
                0x000000000800a070                USB_DisableGlobalInt
 .text.USB_SetCurrentMode
                0x000000000800a092       0x98 ./Drivers/STM32H7xx_HAL_Driver/stm32h7xx_ll_usb.o
                0x000000000800a092                USB_SetCurrentMode
 *fill*         0x000000000800a12a        0x2 
 .text.USB_DevInit
                0x000000000800a12c      0x2bc ./Drivers/STM32H7xx_HAL_Driver/stm32h7xx_ll_usb.o
                0x000000000800a12c                USB_DevInit
 .text.USB_FlushTxFifo
                0x000000000800a3e8       0x68 ./Drivers/STM32H7xx_HAL_Driver/stm32h7xx_ll_usb.o
                0x000000000800a3e8                USB_FlushTxFifo
 .text.USB_FlushRxFifo
                0x000000000800a450       0x60 ./Drivers/STM32H7xx_HAL_Driver/stm32h7xx_ll_usb.o
                0x000000000800a450                USB_FlushRxFifo
 .text.USB_SetDevSpeed
                0x000000000800a4b0       0x32 ./Drivers/STM32H7xx_HAL_Driver/stm32h7xx_ll_usb.o
                0x000000000800a4b0                USB_SetDevSpeed
 .text.USB_DevDisconnect
                0x000000000800a4e2       0x42 ./Drivers/STM32H7xx_HAL_Driver/stm32h7xx_ll_usb.o
                0x000000000800a4e2                USB_DevDisconnect
 .text.USB_GetMode
                0x000000000800a524       0x1c ./Drivers/STM32H7xx_HAL_Driver/stm32h7xx_ll_usb.o
                0x000000000800a524                USB_GetMode
 .text.USB_CoreReset
                0x000000000800a540       0x68 ./Drivers/STM32H7xx_HAL_Driver/stm32h7xx_ll_usb.o
 .text.cos      0x000000000800a5a8       0x98 /opt/st/stm32cubeide_1.10.1/plugins/com.st.stm32cube.ide.mcu.externaltools.gnu-tools-for-stm32.10.3-2021.10.linux64_1.0.0.202111181127/tools/bin/../lib/gcc/arm-none-eabi/10.3.1/../../../../arm-none-eabi/lib/thumb/v7e-m+dp/hard/libm.a(lib_a-s_cos.o)
                0x000000000800a5a8                cos
 .text.sin      0x000000000800a640       0x98 /opt/st/stm32cubeide_1.10.1/plugins/com.st.stm32cube.ide.mcu.externaltools.gnu-tools-for-stm32.10.3-2021.10.linux64_1.0.0.202111181127/tools/bin/../lib/gcc/arm-none-eabi/10.3.1/../../../../arm-none-eabi/lib/thumb/v7e-m+dp/hard/libm.a(lib_a-s_sin.o)
                0x000000000800a640                sin
 .text.__ieee754_rem_pio2
                0x000000000800a6d8      0x288 /opt/st/stm32cubeide_1.10.1/plugins/com.st.stm32cube.ide.mcu.externaltools.gnu-tools-for-stm32.10.3-2021.10.linux64_1.0.0.202111181127/tools/bin/../lib/gcc/arm-none-eabi/10.3.1/../../../../arm-none-eabi/lib/thumb/v7e-m+dp/hard/libm.a(lib_a-e_rem_pio2.o)
                0x000000000800a6d8                __ieee754_rem_pio2
 .text.__kernel_cos
                0x000000000800a960       0xd8 /opt/st/stm32cubeide_1.10.1/plugins/com.st.stm32cube.ide.mcu.externaltools.gnu-tools-for-stm32.10.3-2021.10.linux64_1.0.0.202111181127/tools/bin/../lib/gcc/arm-none-eabi/10.3.1/../../../../arm-none-eabi/lib/thumb/v7e-m+dp/hard/libm.a(lib_a-k_cos.o)
                0x000000000800a960                __kernel_cos
 .text.__kernel_rem_pio2
                0x000000000800aa38      0x530 /opt/st/stm32cubeide_1.10.1/plugins/com.st.stm32cube.ide.mcu.externaltools.gnu-tools-for-stm32.10.3-2021.10.linux64_1.0.0.202111181127/tools/bin/../lib/gcc/arm-none-eabi/10.3.1/../../../../arm-none-eabi/lib/thumb/v7e-m+dp/hard/libm.a(lib_a-k_rem_pio2.o)
                0x000000000800aa38                __kernel_rem_pio2
 .text.__kernel_sin
                0x000000000800af68       0xb0 /opt/st/stm32cubeide_1.10.1/plugins/com.st.stm32cube.ide.mcu.externaltools.gnu-tools-for-stm32.10.3-2021.10.linux64_1.0.0.202111181127/tools/bin/../lib/gcc/arm-none-eabi/10.3.1/../../../../arm-none-eabi/lib/thumb/v7e-m+dp/hard/libm.a(lib_a-k_sin.o)
                0x000000000800af68                __kernel_sin
 .text.fabs     0x000000000800b018       0x12 /opt/st/stm32cubeide_1.10.1/plugins/com.st.stm32cube.ide.mcu.externaltools.gnu-tools-for-stm32.10.3-2021.10.linux64_1.0.0.202111181127/tools/bin/../lib/gcc/arm-none-eabi/10.3.1/../../../../arm-none-eabi/lib/thumb/v7e-m+dp/hard/libm.a(lib_a-s_fabs.o)
                0x000000000800b018                fabs
 *fill*         0x000000000800b02a        0x6 
 .text.floor    0x000000000800b030       0xe8 /opt/st/stm32cubeide_1.10.1/plugins/com.st.stm32cube.ide.mcu.externaltools.gnu-tools-for-stm32.10.3-2021.10.linux64_1.0.0.202111181127/tools/bin/../lib/gcc/arm-none-eabi/10.3.1/../../../../arm-none-eabi/lib/thumb/v7e-m+dp/hard/libm.a(lib_a-s_floor.o)
                0x000000000800b030                floor
 .text.scalbn   0x000000000800b118      0x114 /opt/st/stm32cubeide_1.10.1/plugins/com.st.stm32cube.ide.mcu.externaltools.gnu-tools-for-stm32.10.3-2021.10.linux64_1.0.0.202111181127/tools/bin/../lib/gcc/arm-none-eabi/10.3.1/../../../../arm-none-eabi/lib/thumb/v7e-m+dp/hard/libm.a(lib_a-s_scalbn.o)
                0x000000000800b118                scalbn
 .text.__assert_func
                0x000000000800b22c       0x3c /opt/st/stm32cubeide_1.10.1/plugins/com.st.stm32cube.ide.mcu.externaltools.gnu-tools-for-stm32.10.3-2021.10.linux64_1.0.0.202111181127/tools/bin/../lib/gcc/arm-none-eabi/10.3.1/../../../../arm-none-eabi/lib/thumb/v7e-m+dp/hard/libc_nano.a(lib_a-assert.o)
                0x000000000800b22c                __assert_func
 .text.__errno  0x000000000800b268        0xc /opt/st/stm32cubeide_1.10.1/plugins/com.st.stm32cube.ide.mcu.externaltools.gnu-tools-for-stm32.10.3-2021.10.linux64_1.0.0.202111181127/tools/bin/../lib/gcc/arm-none-eabi/10.3.1/../../../../arm-none-eabi/lib/thumb/v7e-m+dp/hard/libc_nano.a(lib_a-errno.o)
                0x000000000800b268                __errno
 .text.fprintf  0x000000000800b274       0x24 /opt/st/stm32cubeide_1.10.1/plugins/com.st.stm32cube.ide.mcu.externaltools.gnu-tools-for-stm32.10.3-2021.10.linux64_1.0.0.202111181127/tools/bin/../lib/gcc/arm-none-eabi/10.3.1/../../../../arm-none-eabi/lib/thumb/v7e-m+dp/hard/libc_nano.a(lib_a-fprintf.o)
                0x000000000800b274                fprintf
                0x000000000800b274                fiprintf
 .text.__libc_init_array
                0x000000000800b298       0x48 /opt/st/stm32cubeide_1.10.1/plugins/com.st.stm32cube.ide.mcu.externaltools.gnu-tools-for-stm32.10.3-2021.10.linux64_1.0.0.202111181127/tools/bin/../lib/gcc/arm-none-eabi/10.3.1/../../../../arm-none-eabi/lib/thumb/v7e-m+dp/hard/libc_nano.a(lib_a-init.o)
                0x000000000800b298                __libc_init_array
 .text.malloc   0x000000000800b2e0       0x10 /opt/st/stm32cubeide_1.10.1/plugins/com.st.stm32cube.ide.mcu.externaltools.gnu-tools-for-stm32.10.3-2021.10.linux64_1.0.0.202111181127/tools/bin/../lib/gcc/arm-none-eabi/10.3.1/../../../../arm-none-eabi/lib/thumb/v7e-m+dp/hard/libc_nano.a(lib_a-malloc.o)
                0x000000000800b2e0                malloc
 .text.free     0x000000000800b2f0       0x10 /opt/st/stm32cubeide_1.10.1/plugins/com.st.stm32cube.ide.mcu.externaltools.gnu-tools-for-stm32.10.3-2021.10.linux64_1.0.0.202111181127/tools/bin/../lib/gcc/arm-none-eabi/10.3.1/../../../../arm-none-eabi/lib/thumb/v7e-m+dp/hard/libc_nano.a(lib_a-malloc.o)
                0x000000000800b2f0                free
 .text.memcpy   0x000000000800b300       0x1c /opt/st/stm32cubeide_1.10.1/plugins/com.st.stm32cube.ide.mcu.externaltools.gnu-tools-for-stm32.10.3-2021.10.linux64_1.0.0.202111181127/tools/bin/../lib/gcc/arm-none-eabi/10.3.1/../../../../arm-none-eabi/lib/thumb/v7e-m+dp/hard/libc_nano.a(lib_a-memcpy-stub.o)
                0x000000000800b300                memcpy
 .text.memset   0x000000000800b31c       0x10 /opt/st/stm32cubeide_1.10.1/plugins/com.st.stm32cube.ide.mcu.externaltools.gnu-tools-for-stm32.10.3-2021.10.linux64_1.0.0.202111181127/tools/bin/../lib/gcc/arm-none-eabi/10.3.1/../../../../arm-none-eabi/lib/thumb/v7e-m+dp/hard/libc_nano.a(lib_a-memset.o)
                0x000000000800b31c                memset
 .text._free_r  0x000000000800b32c       0x98 /opt/st/stm32cubeide_1.10.1/plugins/com.st.stm32cube.ide.mcu.externaltools.gnu-tools-for-stm32.10.3-2021.10.linux64_1.0.0.202111181127/tools/bin/../lib/gcc/arm-none-eabi/10.3.1/../../../../arm-none-eabi/lib/thumb/v7e-m+dp/hard/libc_nano.a(lib_a-nano-freer.o)
                0x000000000800b32c                _free_r
 .text.sbrk_aligned
                0x000000000800b3c4       0x40 /opt/st/stm32cubeide_1.10.1/plugins/com.st.stm32cube.ide.mcu.externaltools.gnu-tools-for-stm32.10.3-2021.10.linux64_1.0.0.202111181127/tools/bin/../lib/gcc/arm-none-eabi/10.3.1/../../../../arm-none-eabi/lib/thumb/v7e-m+dp/hard/libc_nano.a(lib_a-nano-mallocr.o)
 .text._malloc_r
                0x000000000800b404       0xe8 /opt/st/stm32cubeide_1.10.1/plugins/com.st.stm32cube.ide.mcu.externaltools.gnu-tools-for-stm32.10.3-2021.10.linux64_1.0.0.202111181127/tools/bin/../lib/gcc/arm-none-eabi/10.3.1/../../../../arm-none-eabi/lib/thumb/v7e-m+dp/hard/libc_nano.a(lib_a-nano-mallocr.o)
                0x000000000800b404                _malloc_r
 .text.__sfputc_r
                0x000000000800b4ec       0x2e /opt/st/stm32cubeide_1.10.1/plugins/com.st.stm32cube.ide.mcu.externaltools.gnu-tools-for-stm32.10.3-2021.10.linux64_1.0.0.202111181127/tools/bin/../lib/gcc/arm-none-eabi/10.3.1/../../../../arm-none-eabi/lib/thumb/v7e-m+dp/hard/libc_nano.a(lib_a-nano-vfprintf.o)
 .text.__sfputs_r
                0x000000000800b51a       0x24 /opt/st/stm32cubeide_1.10.1/plugins/com.st.stm32cube.ide.mcu.externaltools.gnu-tools-for-stm32.10.3-2021.10.linux64_1.0.0.202111181127/tools/bin/../lib/gcc/arm-none-eabi/10.3.1/../../../../arm-none-eabi/lib/thumb/v7e-m+dp/hard/libc_nano.a(lib_a-nano-vfprintf.o)
                0x000000000800b51a                __sfputs_r
 *fill*         0x000000000800b53e        0x2 
 .text._vfprintf_r
                0x000000000800b540      0x260 /opt/st/stm32cubeide_1.10.1/plugins/com.st.stm32cube.ide.mcu.externaltools.gnu-tools-for-stm32.10.3-2021.10.linux64_1.0.0.202111181127/tools/bin/../lib/gcc/arm-none-eabi/10.3.1/../../../../arm-none-eabi/lib/thumb/v7e-m+dp/hard/libc_nano.a(lib_a-nano-vfprintf.o)
                0x000000000800b540                _vfiprintf_r
                0x000000000800b540                _vfprintf_r
 .text._printf_common
                0x000000000800b7a0       0xda /opt/st/stm32cubeide_1.10.1/plugins/com.st.stm32cube.ide.mcu.externaltools.gnu-tools-for-stm32.10.3-2021.10.linux64_1.0.0.202111181127/tools/bin/../lib/gcc/arm-none-eabi/10.3.1/../../../../arm-none-eabi/lib/thumb/v7e-m+dp/hard/libc_nano.a(lib_a-nano-vfprintf_i.o)
                0x000000000800b7a0                _printf_common
 *fill*         0x000000000800b87a        0x2 
 .text._printf_i
                0x000000000800b87c      0x24c /opt/st/stm32cubeide_1.10.1/plugins/com.st.stm32cube.ide.mcu.externaltools.gnu-tools-for-stm32.10.3-2021.10.linux64_1.0.0.202111181127/tools/bin/../lib/gcc/arm-none-eabi/10.3.1/../../../../arm-none-eabi/lib/thumb/v7e-m+dp/hard/libc_nano.a(lib_a-nano-vfprintf_i.o)
                0x000000000800b87c                _printf_i
 .text.printf   0x000000000800bac8       0x30 /opt/st/stm32cubeide_1.10.1/plugins/com.st.stm32cube.ide.mcu.externaltools.gnu-tools-for-stm32.10.3-2021.10.linux64_1.0.0.202111181127/tools/bin/../lib/gcc/arm-none-eabi/10.3.1/../../../../arm-none-eabi/lib/thumb/v7e-m+dp/hard/libc_nano.a(lib_a-printf.o)
                0x000000000800bac8                printf
                0x000000000800bac8                iprintf
 .text._puts_r  0x000000000800baf8       0xdc /opt/st/stm32cubeide_1.10.1/plugins/com.st.stm32cube.ide.mcu.externaltools.gnu-tools-for-stm32.10.3-2021.10.linux64_1.0.0.202111181127/tools/bin/../lib/gcc/arm-none-eabi/10.3.1/../../../../arm-none-eabi/lib/thumb/v7e-m+dp/hard/libc_nano.a(lib_a-puts.o)
                0x000000000800baf8                _puts_r
 .text.puts     0x000000000800bbd4       0x10 /opt/st/stm32cubeide_1.10.1/plugins/com.st.stm32cube.ide.mcu.externaltools.gnu-tools-for-stm32.10.3-2021.10.linux64_1.0.0.202111181127/tools/bin/../lib/gcc/arm-none-eabi/10.3.1/../../../../arm-none-eabi/lib/thumb/v7e-m+dp/hard/libc_nano.a(lib_a-puts.o)
                0x000000000800bbd4                puts
 .text._sbrk_r  0x000000000800bbe4       0x20 /opt/st/stm32cubeide_1.10.1/plugins/com.st.stm32cube.ide.mcu.externaltools.gnu-tools-for-stm32.10.3-2021.10.linux64_1.0.0.202111181127/tools/bin/../lib/gcc/arm-none-eabi/10.3.1/../../../../arm-none-eabi/lib/thumb/v7e-m+dp/hard/libc_nano.a(lib_a-sbrkr.o)
                0x000000000800bbe4                _sbrk_r
 .text.__swbuf_r
                0x000000000800bc04       0xa4 /opt/st/stm32cubeide_1.10.1/plugins/com.st.stm32cube.ide.mcu.externaltools.gnu-tools-for-stm32.10.3-2021.10.linux64_1.0.0.202111181127/tools/bin/../lib/gcc/arm-none-eabi/10.3.1/../../../../arm-none-eabi/lib/thumb/v7e-m+dp/hard/libc_nano.a(lib_a-wbuf.o)
                0x000000000800bc04                __swbuf_r
 .text.__swsetup_r
                0x000000000800bca8       0xdc /opt/st/stm32cubeide_1.10.1/plugins/com.st.stm32cube.ide.mcu.externaltools.gnu-tools-for-stm32.10.3-2021.10.linux64_1.0.0.202111181127/tools/bin/../lib/gcc/arm-none-eabi/10.3.1/../../../../arm-none-eabi/lib/thumb/v7e-m+dp/hard/libc_nano.a(lib_a-wsetup.o)
                0x000000000800bca8                __swsetup_r
 .text.abort    0x000000000800bd84        0xe /opt/st/stm32cubeide_1.10.1/plugins/com.st.stm32cube.ide.mcu.externaltools.gnu-tools-for-stm32.10.3-2021.10.linux64_1.0.0.202111181127/tools/bin/../lib/gcc/arm-none-eabi/10.3.1/../../../../arm-none-eabi/lib/thumb/v7e-m+dp/hard/libc_nano.a(lib_a-abort.o)
                0x000000000800bd84                abort
 *fill*         0x000000000800bd92        0x2 
 .text.__sflush_r
                0x000000000800bd94      0x10c /opt/st/stm32cubeide_1.10.1/plugins/com.st.stm32cube.ide.mcu.externaltools.gnu-tools-for-stm32.10.3-2021.10.linux64_1.0.0.202111181127/tools/bin/../lib/gcc/arm-none-eabi/10.3.1/../../../../arm-none-eabi/lib/thumb/v7e-m+dp/hard/libc_nano.a(lib_a-fflush.o)
                0x000000000800bd94                __sflush_r
 .text._fflush_r
                0x000000000800bea0       0x78 /opt/st/stm32cubeide_1.10.1/plugins/com.st.stm32cube.ide.mcu.externaltools.gnu-tools-for-stm32.10.3-2021.10.linux64_1.0.0.202111181127/tools/bin/../lib/gcc/arm-none-eabi/10.3.1/../../../../arm-none-eabi/lib/thumb/v7e-m+dp/hard/libc_nano.a(lib_a-fflush.o)
                0x000000000800bea0                _fflush_r
 .text.std      0x000000000800bf18       0x48 /opt/st/stm32cubeide_1.10.1/plugins/com.st.stm32cube.ide.mcu.externaltools.gnu-tools-for-stm32.10.3-2021.10.linux64_1.0.0.202111181127/tools/bin/../lib/gcc/arm-none-eabi/10.3.1/../../../../arm-none-eabi/lib/thumb/v7e-m+dp/hard/libc_nano.a(lib_a-findfp.o)
 .text._cleanup_r
                0x000000000800bf60        0xc /opt/st/stm32cubeide_1.10.1/plugins/com.st.stm32cube.ide.mcu.externaltools.gnu-tools-for-stm32.10.3-2021.10.linux64_1.0.0.202111181127/tools/bin/../lib/gcc/arm-none-eabi/10.3.1/../../../../arm-none-eabi/lib/thumb/v7e-m+dp/hard/libc_nano.a(lib_a-findfp.o)
                0x000000000800bf60                _cleanup_r
 .text.__sfmoreglue
                0x000000000800bf6c       0x2c /opt/st/stm32cubeide_1.10.1/plugins/com.st.stm32cube.ide.mcu.externaltools.gnu-tools-for-stm32.10.3-2021.10.linux64_1.0.0.202111181127/tools/bin/../lib/gcc/arm-none-eabi/10.3.1/../../../../arm-none-eabi/lib/thumb/v7e-m+dp/hard/libc_nano.a(lib_a-findfp.o)
                0x000000000800bf6c                __sfmoreglue
 .text.__sfp_lock_acquire
                0x000000000800bf98        0xc /opt/st/stm32cubeide_1.10.1/plugins/com.st.stm32cube.ide.mcu.externaltools.gnu-tools-for-stm32.10.3-2021.10.linux64_1.0.0.202111181127/tools/bin/../lib/gcc/arm-none-eabi/10.3.1/../../../../arm-none-eabi/lib/thumb/v7e-m+dp/hard/libc_nano.a(lib_a-findfp.o)
                0x000000000800bf98                __sfp_lock_acquire
 .text.__sfp_lock_release
                0x000000000800bfa4        0xc /opt/st/stm32cubeide_1.10.1/plugins/com.st.stm32cube.ide.mcu.externaltools.gnu-tools-for-stm32.10.3-2021.10.linux64_1.0.0.202111181127/tools/bin/../lib/gcc/arm-none-eabi/10.3.1/../../../../arm-none-eabi/lib/thumb/v7e-m+dp/hard/libc_nano.a(lib_a-findfp.o)
                0x000000000800bfa4                __sfp_lock_release
 .text.__sinit_lock_acquire
                0x000000000800bfb0        0xc /opt/st/stm32cubeide_1.10.1/plugins/com.st.stm32cube.ide.mcu.externaltools.gnu-tools-for-stm32.10.3-2021.10.linux64_1.0.0.202111181127/tools/bin/../lib/gcc/arm-none-eabi/10.3.1/../../../../arm-none-eabi/lib/thumb/v7e-m+dp/hard/libc_nano.a(lib_a-findfp.o)
                0x000000000800bfb0                __sinit_lock_acquire
 .text.__sinit_lock_release
                0x000000000800bfbc        0xc /opt/st/stm32cubeide_1.10.1/plugins/com.st.stm32cube.ide.mcu.externaltools.gnu-tools-for-stm32.10.3-2021.10.linux64_1.0.0.202111181127/tools/bin/../lib/gcc/arm-none-eabi/10.3.1/../../../../arm-none-eabi/lib/thumb/v7e-m+dp/hard/libc_nano.a(lib_a-findfp.o)
                0x000000000800bfbc                __sinit_lock_release
 .text.__sinit  0x000000000800bfc8       0x70 /opt/st/stm32cubeide_1.10.1/plugins/com.st.stm32cube.ide.mcu.externaltools.gnu-tools-for-stm32.10.3-2021.10.linux64_1.0.0.202111181127/tools/bin/../lib/gcc/arm-none-eabi/10.3.1/../../../../arm-none-eabi/lib/thumb/v7e-m+dp/hard/libc_nano.a(lib_a-findfp.o)
                0x000000000800bfc8                __sinit
 .text.__sfp    0x000000000800c038       0x8c /opt/st/stm32cubeide_1.10.1/plugins/com.st.stm32cube.ide.mcu.externaltools.gnu-tools-for-stm32.10.3-2021.10.linux64_1.0.0.202111181127/tools/bin/../lib/gcc/arm-none-eabi/10.3.1/../../../../arm-none-eabi/lib/thumb/v7e-m+dp/hard/libc_nano.a(lib_a-findfp.o)
                0x000000000800c038                __sfp
 .text._fwalk_reent
                0x000000000800c0c4       0x3e /opt/st/stm32cubeide_1.10.1/plugins/com.st.stm32cube.ide.mcu.externaltools.gnu-tools-for-stm32.10.3-2021.10.linux64_1.0.0.202111181127/tools/bin/../lib/gcc/arm-none-eabi/10.3.1/../../../../arm-none-eabi/lib/thumb/v7e-m+dp/hard/libc_nano.a(lib_a-fwalk.o)
                0x000000000800c0c4                _fwalk_reent
 .text.__retarget_lock_init_recursive
                0x000000000800c102        0x2 /opt/st/stm32cubeide_1.10.1/plugins/com.st.stm32cube.ide.mcu.externaltools.gnu-tools-for-stm32.10.3-2021.10.linux64_1.0.0.202111181127/tools/bin/../lib/gcc/arm-none-eabi/10.3.1/../../../../arm-none-eabi/lib/thumb/v7e-m+dp/hard/libc_nano.a(lib_a-lock.o)
                0x000000000800c102                __retarget_lock_init_recursive
 .text.__retarget_lock_acquire_recursive
                0x000000000800c104        0x2 /opt/st/stm32cubeide_1.10.1/plugins/com.st.stm32cube.ide.mcu.externaltools.gnu-tools-for-stm32.10.3-2021.10.linux64_1.0.0.202111181127/tools/bin/../lib/gcc/arm-none-eabi/10.3.1/../../../../arm-none-eabi/lib/thumb/v7e-m+dp/hard/libc_nano.a(lib_a-lock.o)
                0x000000000800c104                __retarget_lock_acquire_recursive
 .text.__retarget_lock_release_recursive
                0x000000000800c106        0x2 /opt/st/stm32cubeide_1.10.1/plugins/com.st.stm32cube.ide.mcu.externaltools.gnu-tools-for-stm32.10.3-2021.10.linux64_1.0.0.202111181127/tools/bin/../lib/gcc/arm-none-eabi/10.3.1/../../../../arm-none-eabi/lib/thumb/v7e-m+dp/hard/libc_nano.a(lib_a-lock.o)
                0x000000000800c106                __retarget_lock_release_recursive
 .text.__swhatbuf_r
                0x000000000800c108       0x4a /opt/st/stm32cubeide_1.10.1/plugins/com.st.stm32cube.ide.mcu.externaltools.gnu-tools-for-stm32.10.3-2021.10.linux64_1.0.0.202111181127/tools/bin/../lib/gcc/arm-none-eabi/10.3.1/../../../../arm-none-eabi/lib/thumb/v7e-m+dp/hard/libc_nano.a(lib_a-makebuf.o)
                0x000000000800c108                __swhatbuf_r
 *fill*         0x000000000800c152        0x2 
 .text.__smakebuf_r
                0x000000000800c154       0x80 /opt/st/stm32cubeide_1.10.1/plugins/com.st.stm32cube.ide.mcu.externaltools.gnu-tools-for-stm32.10.3-2021.10.linux64_1.0.0.202111181127/tools/bin/../lib/gcc/arm-none-eabi/10.3.1/../../../../arm-none-eabi/lib/thumb/v7e-m+dp/hard/libc_nano.a(lib_a-makebuf.o)
                0x000000000800c154                __smakebuf_r
 .text.__malloc_lock
                0x000000000800c1d4        0xc /opt/st/stm32cubeide_1.10.1/plugins/com.st.stm32cube.ide.mcu.externaltools.gnu-tools-for-stm32.10.3-2021.10.linux64_1.0.0.202111181127/tools/bin/../lib/gcc/arm-none-eabi/10.3.1/../../../../arm-none-eabi/lib/thumb/v7e-m+dp/hard/libc_nano.a(lib_a-mlock.o)
                0x000000000800c1d4                __malloc_lock
 .text.__malloc_unlock
                0x000000000800c1e0        0xc /opt/st/stm32cubeide_1.10.1/plugins/com.st.stm32cube.ide.mcu.externaltools.gnu-tools-for-stm32.10.3-2021.10.linux64_1.0.0.202111181127/tools/bin/../lib/gcc/arm-none-eabi/10.3.1/../../../../arm-none-eabi/lib/thumb/v7e-m+dp/hard/libc_nano.a(lib_a-mlock.o)
                0x000000000800c1e0                __malloc_unlock
 .text._raise_r
                0x000000000800c1ec       0x50 /opt/st/stm32cubeide_1.10.1/plugins/com.st.stm32cube.ide.mcu.externaltools.gnu-tools-for-stm32.10.3-2021.10.linux64_1.0.0.202111181127/tools/bin/../lib/gcc/arm-none-eabi/10.3.1/../../../../arm-none-eabi/lib/thumb/v7e-m+dp/hard/libc_nano.a(lib_a-signal.o)
                0x000000000800c1ec                _raise_r
 .text.raise    0x000000000800c23c       0x10 /opt/st/stm32cubeide_1.10.1/plugins/com.st.stm32cube.ide.mcu.externaltools.gnu-tools-for-stm32.10.3-2021.10.linux64_1.0.0.202111181127/tools/bin/../lib/gcc/arm-none-eabi/10.3.1/../../../../arm-none-eabi/lib/thumb/v7e-m+dp/hard/libc_nano.a(lib_a-signal.o)
                0x000000000800c23c                raise
 .text._kill_r  0x000000000800c24c       0x24 /opt/st/stm32cubeide_1.10.1/plugins/com.st.stm32cube.ide.mcu.externaltools.gnu-tools-for-stm32.10.3-2021.10.linux64_1.0.0.202111181127/tools/bin/../lib/gcc/arm-none-eabi/10.3.1/../../../../arm-none-eabi/lib/thumb/v7e-m+dp/hard/libc_nano.a(lib_a-signalr.o)
                0x000000000800c24c                _kill_r
 .text._getpid_r
                0x000000000800c270        0x4 /opt/st/stm32cubeide_1.10.1/plugins/com.st.stm32cube.ide.mcu.externaltools.gnu-tools-for-stm32.10.3-2021.10.linux64_1.0.0.202111181127/tools/bin/../lib/gcc/arm-none-eabi/10.3.1/../../../../arm-none-eabi/lib/thumb/v7e-m+dp/hard/libc_nano.a(lib_a-signalr.o)
                0x000000000800c270                _getpid_r
 .text.__sread  0x000000000800c274       0x22 /opt/st/stm32cubeide_1.10.1/plugins/com.st.stm32cube.ide.mcu.externaltools.gnu-tools-for-stm32.10.3-2021.10.linux64_1.0.0.202111181127/tools/bin/../lib/gcc/arm-none-eabi/10.3.1/../../../../arm-none-eabi/lib/thumb/v7e-m+dp/hard/libc_nano.a(lib_a-stdio.o)
                0x000000000800c274                __sread
 .text.__swrite
                0x000000000800c296       0x38 /opt/st/stm32cubeide_1.10.1/plugins/com.st.stm32cube.ide.mcu.externaltools.gnu-tools-for-stm32.10.3-2021.10.linux64_1.0.0.202111181127/tools/bin/../lib/gcc/arm-none-eabi/10.3.1/../../../../arm-none-eabi/lib/thumb/v7e-m+dp/hard/libc_nano.a(lib_a-stdio.o)
                0x000000000800c296                __swrite
 .text.__sseek  0x000000000800c2ce       0x24 /opt/st/stm32cubeide_1.10.1/plugins/com.st.stm32cube.ide.mcu.externaltools.gnu-tools-for-stm32.10.3-2021.10.linux64_1.0.0.202111181127/tools/bin/../lib/gcc/arm-none-eabi/10.3.1/../../../../arm-none-eabi/lib/thumb/v7e-m+dp/hard/libc_nano.a(lib_a-stdio.o)
                0x000000000800c2ce                __sseek
 .text.__sclose
                0x000000000800c2f2        0x8 /opt/st/stm32cubeide_1.10.1/plugins/com.st.stm32cube.ide.mcu.externaltools.gnu-tools-for-stm32.10.3-2021.10.linux64_1.0.0.202111181127/tools/bin/../lib/gcc/arm-none-eabi/10.3.1/../../../../arm-none-eabi/lib/thumb/v7e-m+dp/hard/libc_nano.a(lib_a-stdio.o)
                0x000000000800c2f2                __sclose
 *fill*         0x000000000800c2fa        0x2 
 .text._write_r
                0x000000000800c2fc       0x24 /opt/st/stm32cubeide_1.10.1/plugins/com.st.stm32cube.ide.mcu.externaltools.gnu-tools-for-stm32.10.3-2021.10.linux64_1.0.0.202111181127/tools/bin/../lib/gcc/arm-none-eabi/10.3.1/../../../../arm-none-eabi/lib/thumb/v7e-m+dp/hard/libc_nano.a(lib_a-writer.o)
                0x000000000800c2fc                _write_r
 .text._close_r
                0x000000000800c320       0x20 /opt/st/stm32cubeide_1.10.1/plugins/com.st.stm32cube.ide.mcu.externaltools.gnu-tools-for-stm32.10.3-2021.10.linux64_1.0.0.202111181127/tools/bin/../lib/gcc/arm-none-eabi/10.3.1/../../../../arm-none-eabi/lib/thumb/v7e-m+dp/hard/libc_nano.a(lib_a-closer.o)
                0x000000000800c320                _close_r
 .text._fstat_r
                0x000000000800c340       0x24 /opt/st/stm32cubeide_1.10.1/plugins/com.st.stm32cube.ide.mcu.externaltools.gnu-tools-for-stm32.10.3-2021.10.linux64_1.0.0.202111181127/tools/bin/../lib/gcc/arm-none-eabi/10.3.1/../../../../arm-none-eabi/lib/thumb/v7e-m+dp/hard/libc_nano.a(lib_a-fstatr.o)
                0x000000000800c340                _fstat_r
 .text._isatty_r
                0x000000000800c364       0x20 /opt/st/stm32cubeide_1.10.1/plugins/com.st.stm32cube.ide.mcu.externaltools.gnu-tools-for-stm32.10.3-2021.10.linux64_1.0.0.202111181127/tools/bin/../lib/gcc/arm-none-eabi/10.3.1/../../../../arm-none-eabi/lib/thumb/v7e-m+dp/hard/libc_nano.a(lib_a-isattyr.o)
                0x000000000800c364                _isatty_r
 .text._lseek_r
                0x000000000800c384       0x24 /opt/st/stm32cubeide_1.10.1/plugins/com.st.stm32cube.ide.mcu.externaltools.gnu-tools-for-stm32.10.3-2021.10.linux64_1.0.0.202111181127/tools/bin/../lib/gcc/arm-none-eabi/10.3.1/../../../../arm-none-eabi/lib/thumb/v7e-m+dp/hard/libc_nano.a(lib_a-lseekr.o)
                0x000000000800c384                _lseek_r
 .text._read_r  0x000000000800c3a8       0x24 /opt/st/stm32cubeide_1.10.1/plugins/com.st.stm32cube.ide.mcu.externaltools.gnu-tools-for-stm32.10.3-2021.10.linux64_1.0.0.202111181127/tools/bin/../lib/gcc/arm-none-eabi/10.3.1/../../../../arm-none-eabi/lib/thumb/v7e-m+dp/hard/libc_nano.a(lib_a-readr.o)
                0x000000000800c3a8                _read_r
 *(.glue_7)
 .glue_7        0x000000000800c3cc        0x0 linker stubs
 *(.glue_7t)
 .glue_7t       0x000000000800c3cc        0x0 linker stubs
 *(.eh_frame)
 .eh_frame      0x000000000800c3cc        0x0 /opt/st/stm32cubeide_1.10.1/plugins/com.st.stm32cube.ide.mcu.externaltools.gnu-tools-for-stm32.10.3-2021.10.linux64_1.0.0.202111181127/tools/bin/../lib/gcc/arm-none-eabi/10.3.1/thumb/v7e-m+dp/hard/crtbegin.o
 *(.init)
 .init          0x000000000800c3cc        0x4 /opt/st/stm32cubeide_1.10.1/plugins/com.st.stm32cube.ide.mcu.externaltools.gnu-tools-for-stm32.10.3-2021.10.linux64_1.0.0.202111181127/tools/bin/../lib/gcc/arm-none-eabi/10.3.1/thumb/v7e-m+dp/hard/crti.o
                0x000000000800c3cc                _init
 .init          0x000000000800c3d0        0x8 /opt/st/stm32cubeide_1.10.1/plugins/com.st.stm32cube.ide.mcu.externaltools.gnu-tools-for-stm32.10.3-2021.10.linux64_1.0.0.202111181127/tools/bin/../lib/gcc/arm-none-eabi/10.3.1/thumb/v7e-m+dp/hard/crtn.o
 *(.fini)
 .fini          0x000000000800c3d8        0x4 /opt/st/stm32cubeide_1.10.1/plugins/com.st.stm32cube.ide.mcu.externaltools.gnu-tools-for-stm32.10.3-2021.10.linux64_1.0.0.202111181127/tools/bin/../lib/gcc/arm-none-eabi/10.3.1/thumb/v7e-m+dp/hard/crti.o
                0x000000000800c3d8                _fini
 .fini          0x000000000800c3dc        0x8 /opt/st/stm32cubeide_1.10.1/plugins/com.st.stm32cube.ide.mcu.externaltools.gnu-tools-for-stm32.10.3-2021.10.linux64_1.0.0.202111181127/tools/bin/../lib/gcc/arm-none-eabi/10.3.1/thumb/v7e-m+dp/hard/crtn.o
                0x000000000800c3e4                . = ALIGN (0x4)
                0x000000000800c3e4                _etext = .

.vfp11_veneer   0x000000000800c3e4        0x0
 .vfp11_veneer  0x000000000800c3e4        0x0 linker stubs

.v4_bx          0x000000000800c3e4        0x0
 .v4_bx         0x000000000800c3e4        0x0 linker stubs

.iplt           0x000000000800c3e4        0x0
 .iplt          0x000000000800c3e4        0x0 /opt/st/stm32cubeide_1.10.1/plugins/com.st.stm32cube.ide.mcu.externaltools.gnu-tools-for-stm32.10.3-2021.10.linux64_1.0.0.202111181127/tools/bin/../lib/gcc/arm-none-eabi/10.3.1/thumb/v7e-m+dp/hard/crtbegin.o

.rodata         0x000000000800c3e8      0xe84
                0x000000000800c3e8                . = ALIGN (0x4)
 *(.rodata)
 .rodata        0x000000000800c3e8       0x3b ./Core/Src/bno055.o
 *fill*         0x000000000800c423        0x1 
 .rodata        0x000000000800c424      0x1fd ./Core/Src/main.o
 *fill*         0x000000000800c621        0x3 
 .rodata        0x000000000800c624       0x4c ./Drivers/STM32H7xx_HAL_Driver/stm32h7xx_hal_fdcan.o
 *(.rodata*)
 .rodata.D1CorePrescTable
                0x000000000800c670       0x10 ./Common/Src/system_stm32h7xx_dualcore_boot_cm4_cm7.o
                0x000000000800c670                D1CorePrescTable
 .rodata._ZN5Eigen6MatrixIfLi2ELi2ELi1ELi2ELi2EEC2INS_7ProductINS3_INS0_IfLi2ELi2ELi0ELi2ELi2EEES4_Li0EEENS_9TransposeIS4_EELi0EEEEERKT_.str1.4
                0x000000000800c680      0x1e9 ./Core/Src/UserCode.o
 *fill*         0x000000000800c869        0x3 
 .rodata._ZN5Eigen8internal26call_dense_assignment_loopINS_6MatrixIfLin1ELi3ELi0ELin1ELi3EEENS_7ProductINS_13CwiseBinaryOpINS0_20scalar_difference_opIffEEKNS_14CwiseNullaryOpINS0_18scalar_identity_opIfEENS2_IfLin1ELin1ELi0ELin1ELin1EEEEEKNS4_INS2_IfLi3ELi2ELi0ELi3ELi2EEENS2_IfLi2ELi3ELi0ELi2ELi3EEELi0EEEEENS2_IfLi3ELi3ELi0ELi3ELi3EEELi1EEENS0_9assign_opIffEEEEvRT_RKT0_RKT1_.str1.4
                0x000000000800c86c      0x6b2 ./Core/Src/UserCode.o
 *fill*         0x000000000800cf1e        0x2 
 .rodata.UserCodeUpdateLeftWheel.str1.4
                0x000000000800cf20       0x89 ./Core/Src/UserCode.o
 *fill*         0x000000000800cfa9        0x3 
 .rodata.DLCtoBytes
                0x000000000800cfac       0x10 ./Drivers/STM32H7xx_HAL_Driver/stm32h7xx_hal_fdcan.o
 .rodata.npio2_hw
                0x000000000800cfbc       0x80 /opt/st/stm32cubeide_1.10.1/plugins/com.st.stm32cube.ide.mcu.externaltools.gnu-tools-for-stm32.10.3-2021.10.linux64_1.0.0.202111181127/tools/bin/../lib/gcc/arm-none-eabi/10.3.1/../../../../arm-none-eabi/lib/thumb/v7e-m+dp/hard/libm.a(lib_a-e_rem_pio2.o)
 .rodata.two_over_pi
                0x000000000800d03c      0x108 /opt/st/stm32cubeide_1.10.1/plugins/com.st.stm32cube.ide.mcu.externaltools.gnu-tools-for-stm32.10.3-2021.10.linux64_1.0.0.202111181127/tools/bin/../lib/gcc/arm-none-eabi/10.3.1/../../../../arm-none-eabi/lib/thumb/v7e-m+dp/hard/libm.a(lib_a-e_rem_pio2.o)
 *fill*         0x000000000800d144        0x4 
 .rodata.PIo2   0x000000000800d148       0x40 /opt/st/stm32cubeide_1.10.1/plugins/com.st.stm32cube.ide.mcu.externaltools.gnu-tools-for-stm32.10.3-2021.10.linux64_1.0.0.202111181127/tools/bin/../lib/gcc/arm-none-eabi/10.3.1/../../../../arm-none-eabi/lib/thumb/v7e-m+dp/hard/libm.a(lib_a-k_rem_pio2.o)
 .rodata.init_jk
                0x000000000800d188       0x10 /opt/st/stm32cubeide_1.10.1/plugins/com.st.stm32cube.ide.mcu.externaltools.gnu-tools-for-stm32.10.3-2021.10.linux64_1.0.0.202111181127/tools/bin/../lib/gcc/arm-none-eabi/10.3.1/../../../../arm-none-eabi/lib/thumb/v7e-m+dp/hard/libm.a(lib_a-k_rem_pio2.o)
 .rodata.__assert_func.str1.1
                0x000000000800d198       0x3c /opt/st/stm32cubeide_1.10.1/plugins/com.st.stm32cube.ide.mcu.externaltools.gnu-tools-for-stm32.10.3-2021.10.linux64_1.0.0.202111181127/tools/bin/../lib/gcc/arm-none-eabi/10.3.1/../../../../arm-none-eabi/lib/thumb/v7e-m+dp/hard/libc_nano.a(lib_a-assert.o)
                                         0x3d (size before relaxing)
 .rodata._global_impure_ptr
                0x000000000800d1d4        0x4 /opt/st/stm32cubeide_1.10.1/plugins/com.st.stm32cube.ide.mcu.externaltools.gnu-tools-for-stm32.10.3-2021.10.linux64_1.0.0.202111181127/tools/bin/../lib/gcc/arm-none-eabi/10.3.1/../../../../arm-none-eabi/lib/thumb/v7e-m+dp/hard/libc_nano.a(lib_a-impure.o)
                0x000000000800d1d4                _global_impure_ptr
 .rodata._vfprintf_r.str1.1
                0x000000000800d1d8       0x11 /opt/st/stm32cubeide_1.10.1/plugins/com.st.stm32cube.ide.mcu.externaltools.gnu-tools-for-stm32.10.3-2021.10.linux64_1.0.0.202111181127/tools/bin/../lib/gcc/arm-none-eabi/10.3.1/../../../../arm-none-eabi/lib/thumb/v7e-m+dp/hard/libc_nano.a(lib_a-nano-vfprintf.o)
 .rodata._printf_i.str1.1
                0x000000000800d1e9       0x22 /opt/st/stm32cubeide_1.10.1/plugins/com.st.stm32cube.ide.mcu.externaltools.gnu-tools-for-stm32.10.3-2021.10.linux64_1.0.0.202111181127/tools/bin/../lib/gcc/arm-none-eabi/10.3.1/../../../../arm-none-eabi/lib/thumb/v7e-m+dp/hard/libc_nano.a(lib_a-nano-vfprintf_i.o)
 *fill*         0x000000000800d20b        0x1 
 .rodata.__sf_fake_stderr
                0x000000000800d20c       0x20 /opt/st/stm32cubeide_1.10.1/plugins/com.st.stm32cube.ide.mcu.externaltools.gnu-tools-for-stm32.10.3-2021.10.linux64_1.0.0.202111181127/tools/bin/../lib/gcc/arm-none-eabi/10.3.1/../../../../arm-none-eabi/lib/thumb/v7e-m+dp/hard/libc_nano.a(lib_a-findfp.o)
                0x000000000800d20c                __sf_fake_stderr
 .rodata.__sf_fake_stdin
                0x000000000800d22c       0x20 /opt/st/stm32cubeide_1.10.1/plugins/com.st.stm32cube.ide.mcu.externaltools.gnu-tools-for-stm32.10.3-2021.10.linux64_1.0.0.202111181127/tools/bin/../lib/gcc/arm-none-eabi/10.3.1/../../../../arm-none-eabi/lib/thumb/v7e-m+dp/hard/libc_nano.a(lib_a-findfp.o)
                0x000000000800d22c                __sf_fake_stdin
 .rodata.__sf_fake_stdout
                0x000000000800d24c       0x20 /opt/st/stm32cubeide_1.10.1/plugins/com.st.stm32cube.ide.mcu.externaltools.gnu-tools-for-stm32.10.3-2021.10.linux64_1.0.0.202111181127/tools/bin/../lib/gcc/arm-none-eabi/10.3.1/../../../../arm-none-eabi/lib/thumb/v7e-m+dp/hard/libc_nano.a(lib_a-findfp.o)
                0x000000000800d24c                __sf_fake_stdout
                0x000000000800d26c                . = ALIGN (0x4)

.rel.dyn        0x000000000800d26c        0x0
 .rel.iplt      0x000000000800d26c        0x0 /opt/st/stm32cubeide_1.10.1/plugins/com.st.stm32cube.ide.mcu.externaltools.gnu-tools-for-stm32.10.3-2021.10.linux64_1.0.0.202111181127/tools/bin/../lib/gcc/arm-none-eabi/10.3.1/thumb/v7e-m+dp/hard/crtbegin.o

.ARM.extab      0x000000000800d26c        0x0
                0x000000000800d26c                . = ALIGN (0x4)
 *(.ARM.extab* .gnu.linkonce.armextab.*)
                0x000000000800d26c                . = ALIGN (0x4)

.ARM            0x000000000800d26c        0x0
                0x000000000800d26c                . = ALIGN (0x4)
                0x000000000800d26c                __exidx_start = .
 *(.ARM.exidx*)
                0x000000000800d26c                __exidx_end = .
                0x000000000800d26c                . = ALIGN (0x4)

.preinit_array  0x000000000800d26c        0x0
                0x000000000800d26c                . = ALIGN (0x4)
                0x000000000800d26c                PROVIDE (__preinit_array_start = .)
 *(.preinit_array*)
                0x000000000800d26c                PROVIDE (__preinit_array_end = .)
                0x000000000800d26c                . = ALIGN (0x4)

.init_array     0x000000000800d26c        0x4
                0x000000000800d26c                . = ALIGN (0x4)
                0x000000000800d26c                PROVIDE (__init_array_start = .)
 *(SORT_BY_NAME(.init_array.*))
 *(.init_array*)
 .init_array    0x000000000800d26c        0x4 /opt/st/stm32cubeide_1.10.1/plugins/com.st.stm32cube.ide.mcu.externaltools.gnu-tools-for-stm32.10.3-2021.10.linux64_1.0.0.202111181127/tools/bin/../lib/gcc/arm-none-eabi/10.3.1/thumb/v7e-m+dp/hard/crtbegin.o
                0x000000000800d270                PROVIDE (__init_array_end = .)
                0x000000000800d270                . = ALIGN (0x4)

.fini_array     0x000000000800d270        0x4
                0x000000000800d270                . = ALIGN (0x4)
                [!provide]                        PROVIDE (__fini_array_start = .)
 *(SORT_BY_NAME(.fini_array.*))
 *(.fini_array*)
 .fini_array    0x000000000800d270        0x4 /opt/st/stm32cubeide_1.10.1/plugins/com.st.stm32cube.ide.mcu.externaltools.gnu-tools-for-stm32.10.3-2021.10.linux64_1.0.0.202111181127/tools/bin/../lib/gcc/arm-none-eabi/10.3.1/thumb/v7e-m+dp/hard/crtbegin.o
                [!provide]                        PROVIDE (__fini_array_end = .)
                0x000000000800d274                . = ALIGN (0x4)
                0x000000000800d274                _sidata = LOADADDR (.data)

.data           0x0000000024000000       0x98 load address 0x000000000800d274
                0x0000000024000000                . = ALIGN (0x4)
                0x0000000024000000                _sdata = .
 *(.data)
 *(.data*)
 .data.SystemCoreClock
                0x0000000024000000        0x4 ./Common/Src/system_stm32h7xx_dualcore_boot_cm4_cm7.o
                0x0000000024000000                SystemCoreClock
 .data.SystemD2Clock
                0x0000000024000004        0x4 ./Common/Src/system_stm32h7xx_dualcore_boot_cm4_cm7.o
                0x0000000024000004                SystemD2Clock
 .data.Ts       0x0000000024000008        0x4 ./Core/Src/UserCode.o
                0x0000000024000008                Ts
 .data.accelScale
                0x000000002400000c        0x2 ./Core/Src/bno055.o
                0x000000002400000c                accelScale
 .data.angularRateScale
                0x000000002400000e        0x2 ./Core/Src/bno055.o
                0x000000002400000e                angularRateScale
 .data.eulerScale
                0x0000000024000010        0x2 ./Core/Src/bno055.o
                0x0000000024000010                eulerScale
 .data.magScale
                0x0000000024000012        0x2 ./Core/Src/bno055.o
                0x0000000024000012                magScale
 .data.quaScale
                0x0000000024000014        0x2 ./Core/Src/bno055.o
                0x0000000024000014                quaScale
 *fill*         0x0000000024000016        0x2 
 .data.TxData1  0x0000000024000018        0x8 ./Core/Src/main.o
                0x0000000024000018                TxData1
 .data.TxData2  0x0000000024000020        0x8 ./Core/Src/main.o
                0x0000000024000020                TxData2
 .data.run      0x0000000024000028        0x4 ./Core/Src/main.o
                0x0000000024000028                run
 .data.uwTickPrio
                0x000000002400002c        0x4 ./Drivers/STM32H7xx_HAL_Driver/stm32h7xx_hal.o
                0x000000002400002c                uwTickPrio
 .data.uwTickFreq
                0x0000000024000030        0x1 ./Drivers/STM32H7xx_HAL_Driver/stm32h7xx_hal.o
                0x0000000024000030                uwTickFreq
 *fill*         0x0000000024000031        0x3 
 .data._impure_ptr
                0x0000000024000034        0x4 /opt/st/stm32cubeide_1.10.1/plugins/com.st.stm32cube.ide.mcu.externaltools.gnu-tools-for-stm32.10.3-2021.10.linux64_1.0.0.202111181127/tools/bin/../lib/gcc/arm-none-eabi/10.3.1/../../../../arm-none-eabi/lib/thumb/v7e-m+dp/hard/libc_nano.a(lib_a-impure.o)
                0x0000000024000034                _impure_ptr
 .data.impure_data
                0x0000000024000038       0x60 /opt/st/stm32cubeide_1.10.1/plugins/com.st.stm32cube.ide.mcu.externaltools.gnu-tools-for-stm32.10.3-2021.10.linux64_1.0.0.202111181127/tools/bin/../lib/gcc/arm-none-eabi/10.3.1/../../../../arm-none-eabi/lib/thumb/v7e-m+dp/hard/libc_nano.a(lib_a-impure.o)
 *(.RamFunc)
 *(.RamFunc*)
                0x0000000024000098                . = ALIGN (0x4)
                0x0000000024000098                _edata = .

.igot.plt       0x0000000024000098        0x0 load address 0x000000000800d30c
 .igot.plt      0x0000000024000098        0x0 /opt/st/stm32cubeide_1.10.1/plugins/com.st.stm32cube.ide.mcu.externaltools.gnu-tools-for-stm32.10.3-2021.10.linux64_1.0.0.202111181127/tools/bin/../lib/gcc/arm-none-eabi/10.3.1/thumb/v7e-m+dp/hard/crtbegin.o

.RxDecripSection
                0x0000000024000098       0x60 load address 0x000000000800d30c
 .RxDecripSection
                0x0000000024000098       0x60 ./Core/Src/main.o
                0x0000000024000098                DMARxDscrTab

.TxDecripSection
                0x00000000240000f8       0x60 load address 0x000000000800d36c
 .TxDecripSection
                0x00000000240000f8       0x60 ./Core/Src/main.o