../Core/Inc/bno055_stm32.h:21:6:bno055_assignI2C	16	static
../Core/Inc/bno055_stm32.h:25:6:bno055_delay	16	static
../Core/Inc/bno055_stm32.h:33:6:bno055_writeData	40	static
../Core/Inc/bno055_stm32.h:97:6:bno055_readData	24	static
../Core/Src/main.c:214:5:main	120	static
../Core/Src/main.c:429:6:SystemClock_Config	120	static
../Core/Src/main.c:492:13:MX_ETH_Init	8	static
../Core/Src/main.c:541:13:MX_FDCAN1_Init	40	static
../Core/Src/main.c:608:13:MX_FDCAN2_Init	40	static
../Core/Src/main.c:675:13:MX_I2C1_Init	8	static
../Core/Src/main.c:723:13:MX_TIM2_Init	40	static
../Core/Src/main.c:768:6:MX_USART3_UART_Init	8	static
../Core/Src/main.c:816:13:MX_USB_OTG_FS_PCD_Init	8	static
../Core/Src/main.c:850:13:MX_DMA_Init	16	static
../Core/Src/main.c:863:13:MX_GPIO_Init	56	static
../Core/Src/main.c:888:6:Pulse2Position	4	static
../Core/Src/main.c:896:6:ForwardKinematic	24	static
../Core/Src/main.c:903:6:InverseKinematic	40	static
../Core/Src/main.c:931:6:WheelOdometry	40	static
../Core/Src/main.c:942:6:RPY2Quaternion	48	static
../Core/Src/main.c:957:6:HAL_FDCAN_RxFifo0Callback	16	static
../Core/Src/main.c:1012:6:HAL_FDCAN_RxFifo1Callback	16	static
../Core/Src/main.c:1067:6:RightMotor_TestCommand	8	static
../Core/Src/main.c:1082:6:LeftMotor_TestCommand	8	static
../Core/Src/main.c:1097:6:BothMotor_Set_SpeedMode	24	static
../Core/Src/main.c:1130:6:Motor_Set_TargetSpeed	24	static
../Core/Src/main.c:1167:6:BothMotor_Enable	8	static
../Core/Src/main.c:1185:6:BothMotor_Release	8	static
../Core/Src/main.c:1202:6:BothMotor_EmergencyBrake	8	static
../Core/Src/main.c:1219:6:BothMotor_Get_Current	24	static
../Core/Src/main.c:1246:6:BothMotor_Get_Speed	24	static
../Core/Src/main.c:1273:6:BothMotor_Get_Position	24	static
../Core/Src/main.c:1300:6:TxData_Clear	24	static
../Core/Src/main.c:1314:6:compareTxRxMessage	24	static
../Core/Src/main.c:1326:10:micros	12	static
../Core/Src/main.c:1331:6:HAL_TIM_PeriodElapsedCallback	24	static
../Core/Src/main.c:1344:6:Error_Handler	4	static,ignoring_inline_asm
